Archive member included to satisfy reference by file (symbol)

/usr/local/Caskroom/gcc-arm-embedded/9-2019-q4-major/gcc-arm-none-eabi-9-2019-q4-major/bin/../lib/gcc/arm-none-eabi/9.2.1/../../../../arm-none-eabi/lib/thumb/v7e-m+fp/hard/libc_nano.a(lib_a-exit.o)
                              /usr/local/Caskroom/gcc-arm-embedded/9-2019-q4-major/gcc-arm-none-eabi-9-2019-q4-major/bin/../lib/gcc/arm-none-eabi/9.2.1/../../../../arm-none-eabi/lib/thumb/v7e-m+fp/hard/crt0.o (exit)
/usr/local/Caskroom/gcc-arm-embedded/9-2019-q4-major/gcc-arm-none-eabi-9-2019-q4-major/bin/../lib/gcc/arm-none-eabi/9.2.1/../../../../arm-none-eabi/lib/thumb/v7e-m+fp/hard/libc_nano.a(lib_a-impure.o)
                              /usr/local/Caskroom/gcc-arm-embedded/9-2019-q4-major/gcc-arm-none-eabi-9-2019-q4-major/bin/../lib/gcc/arm-none-eabi/9.2.1/../../../../arm-none-eabi/lib/thumb/v7e-m+fp/hard/libc_nano.a(lib_a-exit.o) (_global_impure_ptr)
/usr/local/Caskroom/gcc-arm-embedded/9-2019-q4-major/gcc-arm-none-eabi-9-2019-q4-major/bin/../lib/gcc/arm-none-eabi/9.2.1/../../../../arm-none-eabi/lib/thumb/v7e-m+fp/hard/libc_nano.a(lib_a-init.o)
                              /usr/local/Caskroom/gcc-arm-embedded/9-2019-q4-major/gcc-arm-none-eabi-9-2019-q4-major/bin/../lib/gcc/arm-none-eabi/9.2.1/../../../../arm-none-eabi/lib/thumb/v7e-m+fp/hard/crt0.o (__libc_init_array)
/usr/local/Caskroom/gcc-arm-embedded/9-2019-q4-major/gcc-arm-none-eabi-9-2019-q4-major/bin/../lib/gcc/arm-none-eabi/9.2.1/../../../../arm-none-eabi/lib/thumb/v7e-m+fp/hard/libc_nano.a(lib_a-itoa.o)
                              Build/main.o (itoa)
/usr/local/Caskroom/gcc-arm-embedded/9-2019-q4-major/gcc-arm-none-eabi-9-2019-q4-major/bin/../lib/gcc/arm-none-eabi/9.2.1/../../../../arm-none-eabi/lib/thumb/v7e-m+fp/hard/libc_nano.a(lib_a-memcmp.o)
                              Build/ff.o (memcmp)
/usr/local/Caskroom/gcc-arm-embedded/9-2019-q4-major/gcc-arm-none-eabi-9-2019-q4-major/bin/../lib/gcc/arm-none-eabi/9.2.1/../../../../arm-none-eabi/lib/thumb/v7e-m+fp/hard/libc_nano.a(lib_a-memcpy-stub.o)
                              Build/tusb_fifo.o (memcpy)
/usr/local/Caskroom/gcc-arm-embedded/9-2019-q4-major/gcc-arm-none-eabi-9-2019-q4-major/bin/../lib/gcc/arm-none-eabi/9.2.1/../../../../arm-none-eabi/lib/thumb/v7e-m+fp/hard/libc_nano.a(lib_a-memset.o)
                              /usr/local/Caskroom/gcc-arm-embedded/9-2019-q4-major/gcc-arm-none-eabi-9-2019-q4-major/bin/../lib/gcc/arm-none-eabi/9.2.1/../../../../arm-none-eabi/lib/thumb/v7e-m+fp/hard/crt0.o (memset)
/usr/local/Caskroom/gcc-arm-embedded/9-2019-q4-major/gcc-arm-none-eabi-9-2019-q4-major/bin/../lib/gcc/arm-none-eabi/9.2.1/../../../../arm-none-eabi/lib/thumb/v7e-m+fp/hard/libc_nano.a(lib_a-strchr.o)
                              Build/ff.o (strchr)
/usr/local/Caskroom/gcc-arm-embedded/9-2019-q4-major/gcc-arm-none-eabi-9-2019-q4-major/bin/../lib/gcc/arm-none-eabi/9.2.1/../../../../arm-none-eabi/lib/thumb/v7e-m+fp/hard/libc_nano.a(lib_a-strlen.o)
                              Build/usb_descriptors.o (strlen)
/usr/local/Caskroom/gcc-arm-embedded/9-2019-q4-major/gcc-arm-none-eabi-9-2019-q4-major/bin/../lib/gcc/arm-none-eabi/9.2.1/../../../../arm-none-eabi/lib/thumb/v7e-m+fp/hard/libc_nano.a(lib_a-utoa.o)
                              /usr/local/Caskroom/gcc-arm-embedded/9-2019-q4-major/gcc-arm-none-eabi-9-2019-q4-major/bin/../lib/gcc/arm-none-eabi/9.2.1/../../../../arm-none-eabi/lib/thumb/v7e-m+fp/hard/libc_nano.a(lib_a-itoa.o) (__utoa)
/usr/local/Caskroom/gcc-arm-embedded/9-2019-q4-major/gcc-arm-none-eabi-9-2019-q4-major/bin/../lib/gcc/arm-none-eabi/9.2.1/../../../../arm-none-eabi/lib/thumb/v7e-m+fp/hard/libm.a(lib_a-sf_ceil.o)
                              Build/bitmap.o (ceilf)
/usr/local/Caskroom/gcc-arm-embedded/9-2019-q4-major/gcc-arm-none-eabi-9-2019-q4-major/bin/../lib/gcc/arm-none-eabi/9.2.1/../../../../arm-none-eabi/lib/thumb/v7e-m+fp/hard/librdimon_nano.a(rdimon-_exit.o)
                              /usr/local/Caskroom/gcc-arm-embedded/9-2019-q4-major/gcc-arm-none-eabi-9-2019-q4-major/bin/../lib/gcc/arm-none-eabi/9.2.1/../../../../arm-none-eabi/lib/thumb/v7e-m+fp/hard/libc_nano.a(lib_a-exit.o) (_exit)
/usr/local/Caskroom/gcc-arm-embedded/9-2019-q4-major/gcc-arm-none-eabi-9-2019-q4-major/bin/../lib/gcc/arm-none-eabi/9.2.1/../../../../arm-none-eabi/lib/thumb/v7e-m+fp/hard/librdimon_nano.a(rdimon-_kill.o)
                              /usr/local/Caskroom/gcc-arm-embedded/9-2019-q4-major/gcc-arm-none-eabi-9-2019-q4-major/bin/../lib/gcc/arm-none-eabi/9.2.1/../../../../arm-none-eabi/lib/thumb/v7e-m+fp/hard/librdimon_nano.a(rdimon-_exit.o) (_kill_shared)
/usr/local/Caskroom/gcc-arm-embedded/9-2019-q4-major/gcc-arm-none-eabi-9-2019-q4-major/bin/../lib/gcc/arm-none-eabi/9.2.1/../../../../arm-none-eabi/lib/thumb/v7e-m+fp/hard/librdimon_nano.a(rdimon-syscalls.o)
[...]
Memory Configuration

Name             Origin             Length             Attributes
RAM              0x0000000020000000 0x0000000000030000 xrw
CCMRAM           0x0000000010000000 0x0000000000010000 xrw
FLASH            0x0000000008000000 0x0000000000100000 xr
*default*        0x0000000000000000 0xffffffffffffffff

Linker script and memory map

LOAD /usr/local/Caskroom/gcc-arm-embedded/9-2019-q4-major/gcc-arm-none-eabi-9-2019-q4-major/bin/../lib/gcc/arm-none-eabi/9.2.1/thumb/v7e-m+fp/hard/crti.o
LOAD /usr/local/Caskroom/gcc-arm-embedded/9-2019-q4-major/gcc-arm-none-eabi-9-2019-q4-major/bin/../lib/gcc/arm-none-eabi/9.2.1/thumb/v7e-m+fp/hard/crtbegin.o
LOAD /usr/local/Caskroom/gcc-arm-embedded/9-2019-q4-major/gcc-arm-none-eabi-9-2019-q4-major/bin/../lib/gcc/arm-none-eabi/9.2.1/../../../../arm-none-eabi/lib/thumb/v7e-m+fp/hard/crt0.o
LOAD Build/usb_descriptors.o
LOAD Build/tusb.o
LOAD Build/tusb_fifo.o
LOAD Build/usbd.o
LOAD Build/usbd_control.o
LOAD Build/midi_device.o
LOAD Build/dcd_dwc2.o
LOAD Build/dcd_stm32_fsdev.o
LOAD Build/ff.o
LOAD Build/ffsystem.o
LOAD Build/ffunicode.o
LOAD Build/stm32f4xx_hal.o
LOAD Build/stm32f4xx_hal_adc.o
LOAD Build/stm32f4xx_hal_adc_ex.o
LOAD Build/stm32f4xx_hal_can.o
LOAD Build/stm32f4xx_hal_cec.o
LOAD Build/stm32f4xx_hal_cortex.o
LOAD Build/stm32f4xx_hal_crc.o
LOAD Build/stm32f4xx_hal_cryp.o
LOAD Build/stm32f4xx_hal_cryp_ex.o
LOAD Build/stm32f4xx_hal_dac.o
LOAD Build/stm32f4xx_hal_dac_ex.o
LOAD Build/stm32f4xx_hal_dcmi.o
LOAD Build/stm32f4xx_hal_dcmi_ex.o
LOAD Build/stm32f4xx_hal_dfsdm.o
LOAD Build/stm32f4xx_hal_dma.o
LOAD Build/stm32f4xx_hal_dma2d.o
LOAD Build/stm32f4xx_hal_dma_ex.o
LOAD Build/stm32f4xx_hal_dsi.o
LOAD Build/stm32f4xx_hal_eth.o
LOAD Build/stm32f4xx_hal_exti.o
LOAD Build/stm32f4xx_hal_flash.o
LOAD Build/stm32f4xx_hal_flash_ex.o
LOAD Build/stm32f4xx_hal_flash_ramfunc.o
LOAD Build/stm32f4xx_hal_fmpi2c.o
LOAD Build/stm32f4xx_hal_fmpi2c_ex.o
LOAD Build/stm32f4xx_hal_fmpsmbus.o
LOAD Build/stm32f4xx_hal_fmpsmbus_ex.o
LOAD Build/stm32f4xx_hal_gpio.o
LOAD Build/stm32f4xx_hal_hash.o
LOAD Build/stm32f4xx_hal_hash_ex.o
LOAD Build/stm32f4xx_hal_hcd.o
LOAD Build/stm32f4xx_hal_i2c.o
LOAD Build/stm32f4xx_hal_i2c_ex.o
LOAD Build/stm32f4xx_hal_i2s.o
LOAD Build/stm32f4xx_hal_i2s_ex.o
LOAD Build/stm32f4xx_hal_irda.o
LOAD Build/stm32f4xx_hal_iwdg.o
LOAD Build/stm32f4xx_hal_lptim.o
LOAD Build/stm32f4xx_hal_ltdc.o
LOAD Build/stm32f4xx_hal_ltdc_ex.o
LOAD Build/stm32f4xx_hal_mmc.o
LOAD Build/stm32f4xx_hal_nand.o
LOAD Build/stm32f4xx_hal_nor.o
LOAD Build/stm32f4xx_hal_pccard.o
LOAD Build/stm32f4xx_hal_pcd.o
LOAD Build/stm32f4xx_hal_pcd_ex.o
LOAD Build/stm32f4xx_hal_pwr.o
LOAD Build/stm32f4xx_hal_pwr_ex.o
LOAD Build/stm32f4xx_hal_qspi.o
LOAD Build/stm32f4xx_hal_rcc.o
LOAD Build/stm32f4xx_hal_rcc_ex.o
LOAD Build/stm32f4xx_hal_rng.o
LOAD Build/stm32f4xx_hal_rtc.o
LOAD Build/stm32f4xx_hal_rtc_ex.o
LOAD Build/stm32f4xx_hal_sai.o
LOAD Build/stm32f4xx_hal_sai_ex.o
LOAD Build/stm32f4xx_hal_sd.o
LOAD Build/stm32f4xx_hal_sdram.o
LOAD Build/stm32f4xx_hal_smartcard.o
LOAD Build/stm32f4xx_hal_smbus.o
LOAD Build/stm32f4xx_hal_spdifrx.o
LOAD Build/stm32f4xx_hal_spi.o
LOAD Build/stm32f4xx_hal_sram.o
LOAD Build/stm32f4xx_hal_tim.o
LOAD Build/stm32f4xx_hal_tim_ex.o
LOAD Build/stm32f4xx_hal_uart.o
LOAD Build/stm32f4xx_hal_usart.o
LOAD Build/stm32f4xx_hal_wwdg.o
LOAD Build/stm32f4xx_ll_adc.o
LOAD Build/stm32f4xx_ll_crc.o
LOAD Build/stm32f4xx_ll_dac.o
LOAD Build/stm32f4xx_ll_dma.o
LOAD Build/stm32f4xx_ll_dma2d.o
LOAD Build/stm32f4xx_ll_exti.o
LOAD Build/stm32f4xx_ll_fmc.o
LOAD Build/stm32f4xx_ll_fmpi2c.o
LOAD Build/stm32f4xx_ll_fsmc.o
LOAD Build/stm32f4xx_ll_gpio.o
LOAD Build/stm32f4xx_ll_i2c.o
LOAD Build/stm32f4xx_ll_lptim.o
LOAD Build/stm32f4xx_ll_pwr.o
LOAD Build/stm32f4xx_ll_rcc.o
LOAD Build/stm32f4xx_ll_rng.o
LOAD Build/stm32f4xx_ll_rtc.o
LOAD Build/stm32f4xx_ll_sdmmc.o
LOAD Build/stm32f4xx_ll_spi.o
LOAD Build/stm32f4xx_ll_tim.o
LOAD Build/stm32f4xx_ll_usart.o
LOAD Build/stm32f4xx_ll_usb.o
LOAD Build/stm32f4xx_ll_utils.o
LOAD Build/system_stm32f4xx.o
LOAD Build/main.o
LOAD Build/adc.o
LOAD Build/dac.o
LOAD Build/debug.o
LOAD Build/display.o
LOAD Build/gateIO.o
LOAD Build/matrix.o
LOAD Build/micros.o
LOAD Build/sdio.o
LOAD Build/system.o
LOAD Build/timer.o
LOAD Build/uart.o
LOAD Build/usb.o
LOAD Build/bitmap.o
LOAD Build/font.o
LOAD Build/lookupTables.o
LOAD Build/arpeggiatorEngine.o
LOAD Build/clockEngine.o
LOAD Build/engine.o
LOAD Build/trackEngine.o
LOAD Build/baseTrack.o
LOAD Build/chord.o
LOAD Build/chordTrack.o
LOAD Build/curveTrack.o
LOAD Build/drumTrack.o
LOAD Build/noteTrack.o
LOAD Build/settings.o
LOAD Build/song.o
LOAD Build/stepEditor.o
LOAD Build/track.o
LOAD Build/trackData.o
LOAD Build/rng.o
LOAD Build/canvas.o
LOAD Build/clipBoard.o
LOAD Build/controller.o
LOAD Build/ui.o
LOAD Build/uiText.o
LOAD Build/chapter.o
LOAD Build/pages.o
LOAD Build/drumPainter.o
LOAD Build/ledPainter.o
LOAD Build/messagePainter.o
LOAD Build/pianoRollPainter.o
LOAD Build/textBufferPainter.o
LOAD Build/windowPainter.o
LOAD Build/disk.o
LOAD Build/diskio.o
LOAD Build/startup_stm32f429xx.o
LOAD /usr/local/Caskroom/gcc-arm-embedded/9-2019-q4-major/gcc-arm-none-eabi-9-2019-q4-major/bin/../lib/gcc/arm-none-eabi/9.2.1/../../../../arm-none-eabi/lib/thumb/v7e-m+fp/hard/libc_nano.a
LOAD /usr/local/Caskroom/gcc-arm-embedded/9-2019-q4-major/gcc-arm-none-eabi-9-2019-q4-major/bin/../lib/gcc/arm-none-eabi/9.2.1/../../../../arm-none-eabi/lib/thumb/v7e-m+fp/hard/libm.a
LOAD /usr/local/Caskroom/gcc-arm-embedded/9-2019-q4-major/gcc-arm-none-eabi-9-2019-q4-major/bin/../lib/gcc/arm-none-eabi/9.2.1/../../../../arm-none-eabi/lib/thumb/v7e-m+fp/hard/librdimon_nano.a
LOAD /usr/local/Caskroom/gcc-arm-embedded/9-2019-q4-major/gcc-arm-none-eabi-9-2019-q4-major/bin/../lib/gcc/arm-none-eabi/9.2.1/../../../../arm-none-eabi/lib/thumb/v7e-m+fp/hard/libnosys.a
LOAD /usr/local/Caskroom/gcc-arm-embedded/9-2019-q4-major/gcc-arm-none-eabi-9-2019-q4-major/bin/../lib/gcc/arm-none-eabi/9.2.1/../../../../arm-none-eabi/lib/thumb/v7e-m+fp/hard/libstdc++_nano.a
START GROUP
LOAD /usr/local/Caskroom/gcc-arm-embedded/9-2019-q4-major/gcc-arm-none-eabi-9-2019-q4-major/bin/../lib/gcc/arm-none-eabi/9.2.1/thumb/v7e-m+fp/hard/libgcc.a
LOAD /usr/local/Caskroom/gcc-arm-embedded/9-2019-q4-major/gcc-arm-none-eabi-9-2019-q4-major/bin/../lib/gcc/arm-none-eabi/9.2.1/../../../../arm-none-eabi/lib/thumb/v7e-m+fp/hard/libc_nano.a
END GROUP
START GROUP
LOAD /usr/local/Caskroom/gcc-arm-embedded/9-2019-q4-major/gcc-arm-none-eabi-9-2019-q4-major/bin/../lib/gcc/arm-none-eabi/9.2.1/thumb/v7e-m+fp/hard/libgcc.a
LOAD /usr/local/Caskroom/gcc-arm-embedded/9-2019-q4-major/gcc-arm-none-eabi-9-2019-q4-major/bin/../lib/gcc/arm-none-eabi/9.2.1/../../../../arm-none-eabi/lib/thumb/v7e-m+fp/hard/libc_nano.a
END GROUP
LOAD /usr/local/Caskroom/gcc-arm-embedded/9-2019-q4-major/gcc-arm-none-eabi-9-2019-q4-major/bin/../lib/gcc/arm-none-eabi/9.2.1/thumb/v7e-m+fp/hard/crtend.o
LOAD /usr/local/Caskroom/gcc-arm-embedded/9-2019-q4-major/gcc-arm-none-eabi-9-2019-q4-major/bin/../lib/gcc/arm-none-eabi/9.2.1/thumb/v7e-m+fp/hard/crtn.o
                0x0000000020030000                _estack = 0x20030000
                0x0000000000000200                _Min_Heap_Size = 0x200
                0x0000000000000400                _Min_Stack_Size = 0x400

.isr_vector     0x0000000008000000      0x1ac
                0x0000000008000000                . = ALIGN (0x4)
 *(.isr_vector)
 .isr_vector    0x0000000008000000      0x1ac Build/startup_stm32f429xx.o
                0x0000000008000000                g_pfnVectors
                0x00000000080001ac                . = ALIGN (0x4)

.text           0x00000000080001ac    0x42cfc
                0x00000000080001ac                . = ALIGN (0x4)
 *(.text)
 .text          0x00000000080001ac       0x40 /usr/local/Caskroom/gcc-arm-embedded/9-2019-q4-major/gcc-arm-none-eabi-9-2019-q4-major/bin/../lib/gcc/arm-none-eabi/9.2.1/thumb/v7e-m+fp/hard/crtbegin.o
 .text          0x00000000080001ec       0x10 /usr/local/Caskroom/gcc-arm-embedded/9-2019-q4-major/gcc-arm-none-eabi-9-2019-q4-major/bin/../lib/gcc/arm-none-eabi/9.2.1/../../../../arm-none-eabi/lib/thumb/v7e-m+fp/hard/libc_nano.a(lib_a-strlen.o)
                0x00000000080001ec                strlen
 .text          0x00000000080001fc       0x30 /usr/local/Caskroom/gcc-arm-embedded/9-2019-q4-major/gcc-arm-none-eabi-9-2019-q4-major/bin/../lib/gcc/arm-none-eabi/9.2.1/thumb/v7e-m+fp/hard/libgcc.a(_aeabi_uldivmod.o)
                0x00000000080001fc                __aeabi_uldivmod
 .text          0x000000000800022c      0x2c4 /usr/local/Caskroom/gcc-arm-embedded/9-2019-q4-major/gcc-arm-none-eabi-9-2019-q4-major/bin/../lib/gcc/arm-none-eabi/9.2.1/thumb/v7e-m+fp/hard/libgcc.a(_udivmoddi4.o)
                0x000000000800022c                __udivmoddi4
 .text          0x00000000080004f0        0x4 /usr/local/Caskroom/gcc-arm-embedded/9-2019-q4-major/gcc-arm-none-eabi-9-2019-q4-major/bin/../lib/gcc/arm-none-eabi/9.2.1/thumb/v7e-m+fp/hard/libgcc.a(_dvmd_tls.o)
                0x00000000080004f0                __aeabi_ldiv0
                0x00000000080004f0                __aeabi_idiv0
 *(.text*)
 .text.tud_descriptor_device_cb
                0x00000000080004f4        0x8 Build/usb_descriptors.o
                0x00000000080004f4                tud_descriptor_device_cb
 .text.tud_descriptor_configuration_cb
                0x00000000080004fc        0x8 Build/usb_descriptors.o
                0x00000000080004fc                tud_descriptor_configuration_cb
 .text.tud_descriptor_string_cb
                0x0000000008000504      0x3e0 Build/usb_descriptors.o
                0x0000000008000504                tud_descriptor_string_cb
 .text.tu_edpt_claim
                0x00000000080008e4       0x34 Build/tusb.o
                0x00000000080008e4                tu_edpt_claim
 .text.tu_edpt_release
                0x0000000008000918       0x20 Build/tusb.o
                0x0000000008000918                tu_edpt_release
 .text.tu_edpt_validate
                0x0000000008000938       0x68 Build/tusb.o
                0x0000000008000938                tu_edpt_validate
 .text.tu_edpt_bind_driver
                0x00000000080009a0       0x2c Build/tusb.o
                0x00000000080009a0                tu_edpt_bind_driver
 .text._tu_fifo_peek
                0x00000000080009cc       0x48 Build/tusb_fifo.o
 .text._ff_pull_const_addr
                0x0000000008000a14       0xc8 Build/tusb_fifo.o
 .text._tu_fifo_peek_n
                0x0000000008000adc      0x1fc Build/tusb_fifo.o
 .text._tu_fifo_read_n
                0x0000000008000cd8       0x38 Build/tusb_fifo.o
 .text._ff_push_const_addr
                0x0000000008000d10       0xb4 Build/tusb_fifo.o
 .text._tu_fifo_write_n.part.0
                0x0000000008000dc4      0x270 Build/tusb_fifo.o
 .text.tu_fifo_config
                0x0000000008001034       0x30 Build/tusb_fifo.o
                0x0000000008001034                tu_fifo_config
 .text.tu_fifo_count
                0x0000000008001064       0x24 Build/tusb_fifo.o
                0x0000000008001064                tu_fifo_count
 .text.tu_fifo_remaining
                0x0000000008001088       0x24 Build/tusb_fifo.o
                0x0000000008001088                tu_fifo_remaining
 .text.tu_fifo_read
                0x00000000080010ac       0x34 Build/tusb_fifo.o
                0x00000000080010ac                tu_fifo_read
 .text.tu_fifo_read_n
                0x00000000080010e0        0x8 Build/tusb_fifo.o
                0x00000000080010e0                tu_fifo_read_n
 .text.tu_fifo_read_n_const_addr_full_words
                0x00000000080010e8        0x8 Build/tusb_fifo.o
                0x00000000080010e8                tu_fifo_read_n_const_addr_full_words
 .text.tu_fifo_write
                0x00000000080010f0       0x6c Build/tusb_fifo.o
                0x00000000080010f0                tu_fifo_write
 .text.tu_fifo_write_n
                0x000000000800115c        0xc Build/tusb_fifo.o
                0x000000000800115c                tu_fifo_write_n
 .text.tu_fifo_write_n_const_addr_full_words
                0x0000000008001168        0xc Build/tusb_fifo.o
                0x0000000008001168                tu_fifo_write_n_const_addr_full_words
 .text.tu_fifo_clear
                0x0000000008001174        0xc Build/tusb_fifo.o
                0x0000000008001174                tu_fifo_clear
 .text.configuration_reset
                0x0000000008001180       0x90 Build/usbd.o
 .text.usbd_int_set
                0x0000000008001210       0x14 Build/usbd.o
                0x0000000008001210                usbd_int_set
 .text.tud_init
                0x0000000008001224       0xc4 Build/usbd.o
                0x0000000008001224                tud_init
 .text.dcd_event_handler
                0x00000000080012e8      0x18c Build/usbd.o
                0x00000000080012e8                dcd_event_handler
 .text.usbd_edpt_open
                0x0000000008001474       0x48 Build/usbd.o
                0x0000000008001474                usbd_edpt_open
 .text.usbd_edpt_claim
                0x00000000080014bc       0x1c Build/usbd.o
                0x00000000080014bc                usbd_edpt_claim
 .text.usbd_edpt_release
                0x00000000080014d8       0x1c Build/usbd.o
                0x00000000080014d8                usbd_edpt_release
 .text.usbd_edpt_xfer
                0x00000000080014f4       0x68 Build/usbd.o
                0x00000000080014f4                usbd_edpt_xfer
 .text.usbd_edpt_stall
                0x000000000800155c       0x40 Build/usbd.o
                0x000000000800155c                usbd_edpt_stall
 .text.usbd_edpt_clear_stall
                0x000000000800159c       0x40 Build/usbd.o
                0x000000000800159c                usbd_edpt_clear_stall
 .text.tud_task_ext
                0x00000000080015dc      0x8d0 Build/usbd.o
                0x00000000080015dc                tud_task_ext
 .text._data_stage_xact
                0x0000000008001eac       0x7c Build/usbd_control.o
 .text.tud_control_status
                0x0000000008001f28       0x34 Build/usbd_control.o
                0x0000000008001f28                tud_control_status
 .text.tud_control_xfer
                0x0000000008001f5c       0x70 Build/usbd_control.o
                0x0000000008001f5c                tud_control_xfer
 .text.usbd_control_reset
                0x0000000008001fcc       0x14 Build/usbd_control.o
                0x0000000008001fcc                usbd_control_reset
 .text.usbd_control_set_complete_callback
                0x0000000008001fe0        0xc Build/usbd_control.o
                0x0000000008001fe0                usbd_control_set_complete_callback
 .text.usbd_control_set_request
                0x0000000008001fec       0x1c Build/usbd_control.o
                0x0000000008001fec                usbd_control_set_request
 .text.usbd_control_xfer_cb
                0x0000000008002008       0xcc Build/usbd_control.o
                0x0000000008002008                usbd_control_xfer_cb
 .text._prep_out_transaction
                0x00000000080020d4       0x48 Build/midi_device.o
 .text.write_flush
                0x000000000800211c       0x5c Build/midi_device.o
 .text.tud_midi_n_packet_read
                0x0000000008002178       0x38 Build/midi_device.o
                0x0000000008002178                tud_midi_n_packet_read
 .text.tud_midi_n_packet_write
                0x00000000080021b0       0x40 Build/midi_device.o
                0x00000000080021b0                tud_midi_n_packet_write
 .text.midid_init
                0x00000000080021f0       0x40 Build/midi_device.o
                0x00000000080021f0                midid_init
 .text.midid_reset
                0x0000000008002230       0x28 Build/midi_device.o
                0x0000000008002230                midid_reset
 .text.midid_open
                0x0000000008002258      0x100 Build/midi_device.o
                0x0000000008002258                midid_open
 .text.midid_control_xfer_cb
                0x0000000008002358        0x4 Build/midi_device.o
                0x0000000008002358                midid_control_xfer_cb
 .text.midid_xfer_cb
                0x000000000800235c       0x98 Build/midi_device.o
                0x000000000800235c                midid_xfer_cb
 .text.edpt_schedule_packets
                0x00000000080023f4      0x110 Build/dcd_dwc2.o
 .text.dcd_edpt_disable
                0x0000000008002504       0xec Build/dcd_dwc2.o
 .text.dcd_int_enable
                0x00000000080025f0       0x2c Build/dcd_dwc2.o
                0x00000000080025f0                dcd_int_enable
 .text.dcd_int_disable
                0x000000000800261c       0x34 Build/dcd_dwc2.o
                0x000000000800261c                dcd_int_disable
 .text.dcd_connect
                0x0000000008002650       0x18 Build/dcd_dwc2.o
                0x0000000008002650                dcd_connect
 .text.dcd_disconnect
                0x0000000008002668       0x18 Build/dcd_dwc2.o
                0x0000000008002668                dcd_disconnect
 .text.dcd_init
                0x0000000008002680      0x1a0 Build/dcd_dwc2.o
                0x0000000008002680                dcd_init
 .text.dcd_edpt_open
                0x0000000008002820      0x150 Build/dcd_dwc2.o
                0x0000000008002820                dcd_edpt_open
 .text.dcd_edpt_close_all
                0x0000000008002970       0x98 Build/dcd_dwc2.o
                0x0000000008002970                dcd_edpt_close_all
 .text.dcd_edpt_xfer
                0x0000000008002a08       0x78 Build/dcd_dwc2.o
                0x0000000008002a08                dcd_edpt_xfer
 .text.dcd_set_address
                0x0000000008002a80       0x24 Build/dcd_dwc2.o
                0x0000000008002a80                dcd_set_address
 .text.dcd_edpt_stall
                0x0000000008002aa4        0x8 Build/dcd_dwc2.o
                0x0000000008002aa4                dcd_edpt_stall
 .text.dcd_edpt_clear_stall
                0x0000000008002aac       0x4c Build/dcd_dwc2.o
                0x0000000008002aac                dcd_edpt_clear_stall
 .text.dcd_int_handler
                0x0000000008002af8      0xaf0 Build/dcd_dwc2.o
                0x0000000008002af8                dcd_int_handler
 .text.get_ldnumber
                0x00000000080035e8       0x30 Build/ff.o
 .text.validate
                0x0000000008003618       0x30 Build/ff.o
 .text.get_fileinfo.isra.0.part.0
                0x0000000008003648      0x110 Build/ff.o
 .text.sync_window.part.0
                0x0000000008003758       0x44 Build/ff.o
 .text.dir_clear
                0x000000000800379c       0x6c Build/ff.o
 .text.sync_fs  0x0000000008003808       0xc0 Build/ff.o
 .text.move_window.part.0
                0x00000000080038c8       0x30 Build/ff.o
 .text.check_fs
                0x00000000080038f8      0x128 Build/ff.o
 .text.dir_remove
                0x0000000008003a20       0x24 Build/ff.o
 .text.put_fat.part.0
                0x0000000008003a44      0x138 Build/ff.o
 .text.get_fat.isra.0
                0x0000000008003b7c       0xd8 Build/ff.o
 .text.create_chain
                0x0000000008003c54      0x13c Build/ff.o
 .text.remove_chain
                0x0000000008003d90       0x88 Build/ff.o
 .text.dir_next
                0x0000000008003e18       0xc4 Build/ff.o
 .text.mount_volume
                0x0000000008003edc      0x388 Build/ff.o
 .text.dir_read.constprop.0
                0x0000000008004264       0x64 Build/ff.o
 .text.dir_sdi.constprop.0
                0x00000000080042c8       0x70 Build/ff.o
 .text.dir_register
                0x0000000008004338       0x88 Build/ff.o
 .text.follow_path
                0x00000000080043c0      0x21c Build/ff.o
 .text.f_mount  0x00000000080045dc       0x50 Build/ff.o
                0x00000000080045dc                f_mount
 .text.f_open   0x000000000800462c      0x260 Build/ff.o
                0x000000000800462c                f_open
 .text.f_read   0x000000000800488c      0x180 Build/ff.o
                0x000000000800488c                f_read
 .text.f_write  0x0000000008004a0c      0x1d0 Build/ff.o
                0x0000000008004a0c                f_write
 .text.f_sync   0x0000000008004bdc       0xac Build/ff.o
                0x0000000008004bdc                f_sync
 .text.f_close  0x0000000008004c88       0x24 Build/ff.o
                0x0000000008004c88                f_close
 .text.f_opendir
                0x0000000008004cac       0x88 Build/ff.o
                0x0000000008004cac                f_opendir
 .text.f_closedir
                0x0000000008004d34       0x14 Build/ff.o
                0x0000000008004d34                f_closedir
 .text.f_readdir
                0x0000000008004d48       0x48 Build/ff.o
                0x0000000008004d48                f_readdir
 .text.f_stat   0x0000000008004d90       0x4c Build/ff.o
                0x0000000008004d90                f_stat
 .text.f_getfree
                0x0000000008004ddc      0x1b8 Build/ff.o
                0x0000000008004ddc                f_getfree
 .text.f_unlink
                0x0000000008004f94       0xa8 Build/ff.o
                0x0000000008004f94                f_unlink
 .text.f_mkdir  0x000000000800503c      0x1b8 Build/ff.o
                0x000000000800503c                f_mkdir
 .text.f_rename
                0x00000000080051f4      0x188 Build/ff.o
                0x00000000080051f4                f_rename
 .text.HAL_InitTick
                0x000000000800537c       0x48 Build/stm32f4xx_hal.o
                0x000000000800537c                HAL_InitTick
 .text.HAL_GetTick
                0x00000000080053c4        0xc Build/stm32f4xx_hal.o
                0x00000000080053c4                HAL_GetTick
 .text.HAL_ADC_MspInit
                0x00000000080053d0        0x4 Build/stm32f4xx_hal_adc.o
                0x00000000080053d0                HAL_ADC_MspInit
 .text.HAL_ADC_Init
                0x00000000080053d4      0x15c Build/stm32f4xx_hal_adc.o
                0x00000000080053d4                HAL_ADC_Init
 .text.HAL_ADC_Start
                0x0000000008005530      0x128 Build/stm32f4xx_hal_adc.o
                0x0000000008005530                HAL_ADC_Start
 .text.HAL_ADC_ConfigChannel
                0x0000000008005658      0x178 Build/stm32f4xx_hal_adc.o
                0x0000000008005658                HAL_ADC_ConfigChannel
 .text.HAL_NVIC_SetPriorityGrouping
                0x00000000080057d0       0x28 Build/stm32f4xx_hal_cortex.o
                0x00000000080057d0                HAL_NVIC_SetPriorityGrouping
 .text.HAL_NVIC_SetPriority
                0x00000000080057f8       0x70 Build/stm32f4xx_hal_cortex.o
                0x00000000080057f8                HAL_NVIC_SetPriority
 .text.HAL_NVIC_EnableIRQ
                0x0000000008005868       0x1c Build/stm32f4xx_hal_cortex.o
                0x0000000008005868                HAL_NVIC_EnableIRQ
 .text.HAL_SYSTICK_Config
                0x0000000008005884       0x34 Build/stm32f4xx_hal_cortex.o
                0x0000000008005884                HAL_SYSTICK_Config
 .text.HAL_GPIO_Init
                0x00000000080058b8      0x264 Build/stm32f4xx_hal_gpio.o
                0x00000000080058b8                HAL_GPIO_Init
 .text.HAL_RCC_OscConfig
                0x0000000008005b1c      0x3cc Build/stm32f4xx_hal_rcc.o
                0x0000000008005b1c                HAL_RCC_OscConfig
 .text.HAL_RCC_GetSysClockFreq
                0x0000000008005ee8       0x6c Build/stm32f4xx_hal_rcc.o
                0x0000000008005ee8                HAL_RCC_GetSysClockFreq
 .text.HAL_RCC_ClockConfig
                0x0000000008005f54      0x138 Build/stm32f4xx_hal_rcc.o
                0x0000000008005f54                HAL_RCC_ClockConfig
 .text.HAL_RCC_GetPCLK1Freq
                0x000000000800608c       0x24 Build/stm32f4xx_hal_rcc.o
                0x000000000800608c                HAL_RCC_GetPCLK1Freq
 .text.HAL_RCC_GetPCLK2Freq
                0x00000000080060b0       0x24 Build/stm32f4xx_hal_rcc.o
                0x00000000080060b0                HAL_RCC_GetPCLK2Freq
 .text.HAL_SPI_MspInit
                0x00000000080060d4        0x4 Build/stm32f4xx_hal_spi.o
                0x00000000080060d4                HAL_SPI_MspInit
 .text.HAL_SPI_Init
                0x00000000080060d8       0xc4 Build/stm32f4xx_hal_spi.o
                0x00000000080060d8                HAL_SPI_Init
 .text.HAL_TIM_Base_MspInit
                0x000000000800619c        0x4 Build/stm32f4xx_hal_tim.o
                0x000000000800619c                HAL_TIM_Base_MspInit
 .text.HAL_TIM_Base_Start
                0x00000000080061a0       0x70 Build/stm32f4xx_hal_tim.o
                0x00000000080061a0                HAL_TIM_Base_Start
 .text.HAL_TIM_Base_Start_IT
                0x0000000008006210       0x78 Build/stm32f4xx_hal_tim.o
                0x0000000008006210                HAL_TIM_Base_Start_IT
 .text.TIM_Base_SetConfig
                0x0000000008006288       0xc4 Build/stm32f4xx_hal_tim.o
                0x0000000008006288                TIM_Base_SetConfig
 .text.HAL_TIM_Base_Init
                0x000000000800634c       0x5c Build/stm32f4xx_hal_tim.o
                0x000000000800634c                HAL_TIM_Base_Init
 .text.UART_SetConfig
                0x00000000080063a8       0xe0 Build/stm32f4xx_hal_uart.o
 .text.HAL_UART_MspInit
                0x0000000008006488        0x4 Build/stm32f4xx_hal_uart.o
                0x0000000008006488                HAL_UART_MspInit
 .text.HAL_UART_Init
                0x000000000800648c       0x64 Build/stm32f4xx_hal_uart.o
                0x000000000800648c                HAL_UART_Init
 .text.SystemInit
                0x00000000080064f0       0x14 Build/system_stm32f4xx.o
                0x00000000080064f0                SystemInit
 .text._ZN4Song4initEv
                0x0000000008006504      0x90c Build/main.o
                0x0000000008006504                Song::init()
 .text._ZN8Settings4initEv
                0x0000000008006e10      0x54c Build/main.o
                0x0000000008006e10                Settings::init()
 .text.NMI_Handler
                0x000000000800735c        0x4 Build/main.o
                0x000000000800735c                NMI_Handler
 .text.HardFault_Handler
                0x0000000008007360        0x4 Build/main.o
                0x0000000008007360                HardFault_Handler
 .text.MemManage_Handler
                0x0000000008007364        0x4 Build/main.o
                0x0000000008007364                MemManage_Handler
 .text.BusFault_Handler
                0x0000000008007368        0x4 Build/main.o
                0x0000000008007368                BusFault_Handler
 .text.UsageFault_Handler
                0x000000000800736c        0x4 Build/main.o
                0x000000000800736c                UsageFault_Handler
 .text.SVC_Handler
                0x0000000008007370        0x4 Build/main.o
                0x0000000008007370                SVC_Handler
 .text.DebugMon_Handler
                0x0000000008007374        0x4 Build/main.o
                0x0000000008007374                DebugMon_Handler
 .text.PendSV_Handler
                0x0000000008007378        0x4 Build/main.o
                0x0000000008007378                PendSV_Handler
 .text.SysTick_Handler
                0x000000000800737c        0x4 Build/main.o
                0x000000000800737c                SysTick_Handler
 .text.TIM2_IRQHandler
                0x0000000008007380       0x1c Build/main.o
                0x0000000008007380                TIM2_IRQHandler
 .text.TIM3_IRQHandler
                0x000000000800739c       0x20 Build/main.o
                0x000000000800739c                TIM3_IRQHandler
 .text.TIM4_IRQHandler
                0x00000000080073bc       0x20 Build/main.o
                0x00000000080073bc                TIM4_IRQHandler
 .text.startup.main
                0x00000000080073dc      0x1f8 Build/main.o
                0x00000000080073dc                main
 .text._ZN3Adc4initEv
                0x00000000080075d4       0xe4 Build/adc.o
                0x00000000080075d4                Adc::init()
 .text._ZN3Dac4initEv
                0x00000000080076b8      0x2a4 Build/dac.o
                0x00000000080076b8                Dac::init()
 .text._ZN5Debug4initEv
                0x000000000800795c       0x34 Build/debug.o
                0x000000000800795c                Debug::init()
 .text._ZN7Display4initEv
                0x0000000008007990      0x684 Build/display.o
                0x0000000008007990                Display::init()
 .text.DMA1_Stream4_IRQHandler
                0x0000000008008014       0x3c Build/display.o
                0x0000000008008014                DMA1_Stream4_IRQHandler
 .text._ZN6GateIO4initEv
                0x0000000008008050       0xd4 Build/gateIO.o
                0x0000000008008050                GateIO::init()
 .text._ZN6Matrix4initEv
                0x0000000008008124       0xc8 Build/matrix.o
                0x0000000008008124                Matrix::init()
 .text.startup._GLOBAL__sub_I_matrix
                0x00000000080081ec       0x10 Build/matrix.o
 .text._ZN6Micros4initEv
                0x00000000080081fc       0x34 Build/micros.o
                0x00000000080081fc                Micros::init()
 .text._ZN4Sdio4initEv
                0x0000000008008230       0x64 Build/sdio.o
                0x0000000008008230                Sdio::init()
 .text._ZN4Sdio8init_dmaEmNS_7DmaTypeE
                0x0000000008008294       0x70 Build/sdio.o
                0x0000000008008294                Sdio::init_dma(unsigned long, Sdio::DmaType)
 .text.DMA2_Stream3_IRQHandler
                0x0000000008008304       0x3c Build/sdio.o
                0x0000000008008304                DMA2_Stream3_IRQHandler
 .text._ZN3Sys4initEv
                0x0000000008008340      0x2a8 Build/system.o
                0x0000000008008340                Sys::init()
 .text._ZN5Timer7start_2Em
                0x00000000080085e8       0x3c Build/timer.o
                0x00000000080085e8                Timer::start_2(unsigned long)
 .text._ZN5Timer7start_3Em
                0x0000000008008624       0x40 Build/timer.o
                0x0000000008008624                Timer::start_3(unsigned long)
 .text._ZN5Timer7start_4Em
                0x0000000008008664       0x40 Build/timer.o
                0x0000000008008664                Timer::start_4(unsigned long)
 .text._ZN4Uart7write_1Eh
                0x00000000080086a4        0xc Build/uart.o
                0x00000000080086a4                Uart::write_1(unsigned char)
 .text._ZN4Uart11writeable_1Ev
                0x00000000080086b0       0x10 Build/uart.o
                0x00000000080086b0                Uart::writeable_1()
 .text._ZN4Uart6read_1Ev
                0x00000000080086c0        0xc Build/uart.o
                0x00000000080086c0                Uart::read_1()
 .text._ZN4Uart10readable_1Ev
                0x00000000080086cc       0x10 Build/uart.o
                0x00000000080086cc                Uart::readable_1()
 .text._ZN4Uart7write_2Eh
                0x00000000080086dc        0xc Build/uart.o
                0x00000000080086dc                Uart::write_2(unsigned char)
 .text._ZN4Uart11writeable_2Ev
                0x00000000080086e8       0x10 Build/uart.o
                0x00000000080086e8                Uart::writeable_2()
 .text._ZN4Uart6read_2Ev
                0x00000000080086f8        0xc Build/uart.o
                0x00000000080086f8                Uart::read_2()
 .text._ZN4Uart10readable_2Ev
                0x0000000008008704       0x10 Build/uart.o
                0x0000000008008704                Uart::readable_2()
 .text._ZN4Uart7write_3Eh
                0x0000000008008714        0xc Build/uart.o
                0x0000000008008714                Uart::write_3(unsigned char)
 .text._ZN4Uart11writeable_3Ev
                0x0000000008008720       0x10 Build/uart.o
                0x0000000008008720                Uart::writeable_3()
 .text._ZN4Uart6read_3Ev
                0x0000000008008730        0xc Build/uart.o
                0x0000000008008730                Uart::read_3()
 .text._ZN4Uart10readable_3Ev
                0x000000000800873c       0x10 Build/uart.o
                0x000000000800873c                Uart::readable_3()
 .text._ZN4Uart7write_4Eh
                0x000000000800874c        0xc Build/uart.o
                0x000000000800874c                Uart::write_4(unsigned char)
 .text._ZN4Uart11writeable_4Ev
                0x0000000008008758       0x10 Build/uart.o
                0x0000000008008758                Uart::writeable_4()
 .text._ZN4Uart6read_4Ev
                0x0000000008008768        0xc Build/uart.o
                0x0000000008008768                Uart::read_4()
 .text._ZN4Uart10readable_4Ev
                0x0000000008008774       0x10 Build/uart.o
                0x0000000008008774                Uart::readable_4()
 .text._ZN4Uart4initEv
                0x0000000008008784       0xfc Build/uart.o
                0x0000000008008784                Uart::init()
 .text._ZN3Usb4initEv
                0x0000000008008880       0x58 Build/usb.o
                0x0000000008008880                Usb::init()
 .text.OTG_FS_IRQHandler
                0x00000000080088d8        0x8 Build/usb.o
                0x00000000080088d8                OTG_FS_IRQHandler
 .text._ZN6Bitmap3setENS_2IdE
                0x00000000080088e0       0xc0 Build/bitmap.o
                0x00000000080088e0                Bitmap::set(Bitmap::Id)
 .text._ZN6Bitmap7pointerEh
                0x00000000080089a0       0x50 Build/bitmap.o
                0x00000000080089a0                Bitmap::pointer(unsigned char)
 .text._ZN4Font8set_typeENS_4TypeE
                0x00000000080089f0       0x40 Build/font.o
                0x00000000080089f0                Font::set_type(Font::Type)
 .text._ZN17ArpeggiatorEngine5resetEPNS_5ClockEh
                0x0000000008008a30       0x58 Build/arpeggiatorEngine.o
                0x0000000008008a30                ArpeggiatorEngine::reset(ArpeggiatorEngine::Clock*, unsigned char)
 .text._ZN17ArpeggiatorEngine4tickEPNS_5ClockEh
                0x0000000008008a88      0x11c Build/arpeggiatorEngine.o
                0x0000000008008a88                ArpeggiatorEngine::tick(ArpeggiatorEngine::Clock*, unsigned char)
 .text.startup._GLOBAL__sub_I__ZN17ArpeggiatorEngine10reciprocalE
                0x0000000008008ba4       0x84 Build/arpeggiatorEngine.o
 .text._ZN6Engine4initEv
                0x0000000008008c28      0x6f8 Build/engine.o
                0x0000000008008c28                Engine::init()
 .text._ZN6Engine5startEv
                0x0000000008009320      0x10c Build/engine.o
                0x0000000008009320                Engine::start()
 .text._ZN6Engine4stopEv
                0x000000000800942c      0x4fc Build/engine.o
                0x000000000800942c                Engine::stop()
 .text._ZN6Engine16process_requestsEv.part.0
                0x0000000008009928      0x3bc Build/engine.o
 .text._ZN6Engine7suspendEv
                0x0000000008009ce4        0xc Build/engine.o
                0x0000000008009ce4                Engine::suspend()
 .text._ZN6Engine6resumeEv
                0x0000000008009cf0        0xc Build/engine.o
                0x0000000008009cf0                Engine::resume()
 .text._ZN6Engine4tickEv
                0x0000000008009cfc      0x514 Build/engine.o
                0x0000000008009cfc                Engine::tick()
 .text._ZN6Engine7processEv
                0x000000000800a210     0x3174 Build/engine.o
                0x000000000800a210                Engine::process()
 .text._ZN6Engine15processing_timeEv
                0x000000000800d384       0x1c Build/engine.o
                0x000000000800d384                Engine::processing_time()
 .text._ZN6Engine6updateEv
                0x000000000800d3a0     0x1998 Build/engine.o
                0x000000000800d3a0                Engine::update()
 .text.startup._GLOBAL__sub_I_engine
                0x000000000800ed38      0x410 Build/engine.o
 .text._ZN11ClockEngine4tickEv
                0x000000000800f148      0x284 Build/trackEngine.o
                0x000000000800f148                ClockEngine::tick()
 .text._ZN10TrackState4tickEv
                0x000000000800f3cc      0xa5c Build/trackEngine.o
                0x000000000800f3cc                TrackState::tick()
 .text._ZN11TrackEngine5resetEh
                0x000000000800fe28      0x284 Build/trackEngine.o
                0x000000000800fe28                TrackEngine::reset(unsigned char)
 .text._ZN11TrackEngine9tick_stepEh
                0x00000000080100ac      0xa98 Build/trackEngine.o
                0x00000000080100ac                TrackEngine::tick_step(unsigned char)
 .text._ZN11TrackEngine9send_stepEh
                0x0000000008010b44      0x750 Build/trackEngine.o
                0x0000000008010b44                TrackEngine::send_step(unsigned char)
 .text._ZN15NoteTrackEngineILb1EE12process_stepEhh
                0x0000000008011294      0xaa4 Build/trackEngine.o
                0x0000000008011294                NoteTrackEngine<true>::process_step(unsigned char, unsigned char)
 .text._ZN16ChordTrackEngineILb1EE12process_stepEhh
                0x0000000008011d38      0xdc8 Build/trackEngine.o
                0x0000000008011d38                ChordTrackEngine<true>::process_step(unsigned char, unsigned char)
 .text._ZN15DrumTrackEngineILb1EE12process_stepEhh
                0x0000000008012b00      0x998 Build/trackEngine.o
                0x0000000008012b00                DrumTrackEngine<true>::process_step(unsigned char, unsigned char)
 .text._ZN11TrackEngine4tickEh
                0x0000000008013498     0x1ca4 Build/trackEngine.o
                0x0000000008013498                TrackEngine::tick(unsigned char)
 .text._ZN11TrackEngine12process_stepEhhh
                0x000000000801513c      0x45c Build/trackEngine.o
                0x000000000801513c                TrackEngine::process_step(unsigned char, unsigned char, unsigned char)
 .text._ZN9BaseTrack18clear_pattern_listEv
                0x0000000008015598       0x44 Build/baseTrack.o
                0x0000000008015598                BaseTrack::clear_pattern_list()
 .text._ZN9BaseTrack19append_pattern_listEv
                0x00000000080155dc       0x38 Build/baseTrack.o
                0x00000000080155dc                BaseTrack::append_pattern_list()
 .text._ZN9BaseTrack16remove_from_listEi
                0x0000000008015614       0x4c Build/baseTrack.o
                0x0000000008015614                BaseTrack::remove_from_list(int)
 .text._ZN9BaseTrack14swap_with_leftEi
                0x0000000008015660       0x14 Build/baseTrack.o
                0x0000000008015660                BaseTrack::swap_with_left(int)
 .text._ZN9BaseTrack15swap_with_rightEi
                0x0000000008015674       0x14 Build/baseTrack.o
                0x0000000008015674                BaseTrack::swap_with_right(int)
 .text._ZN5Chord4initEP5Scale
                0x0000000008015688        0xc Build/chord.o
                0x0000000008015688                Chord::init(Scale*)
 .text.startup._GLOBAL__sub_I__ZN5Chord6scale_E
                0x0000000008015694       0x18 Build/chord.o
 .text._ZN8Settings4saveEv
                0x00000000080156ac     0x1170 Build/settings.o
                0x00000000080156ac                Settings::save()
 .text._ZN8Settings4saveEPKc
                0x000000000801681c       0x64 Build/settings.o
                0x000000000801681c                Settings::save(char const*)
 .text._ZN8Settings16save_calibrationEv
                0x0000000008016880      0x2e8 Build/settings.o
                0x0000000008016880                Settings::save_calibration()
 .text._ZN8Settings16load_calibrationEv
                0x0000000008016b68      0x374 Build/settings.o
                0x0000000008016b68                Settings::load_calibration()
 .text._ZN8Settings4loadEPKc
                0x0000000008016edc     0x22d0 Build/settings.o
                0x0000000008016edc                Settings::load(char const*)
 .text.startup._GLOBAL__sub_I_settings
                0x00000000080191ac       0x58 Build/settings.o
 .text._ZN4Song10clear_listEPNS_4ListE
                0x0000000008019204        0x8 Build/song.o
                0x0000000008019204                Song::clear_list(Song::List*)
 .text._ZN4Song11add_to_listEPNS_4ListEh
                0x000000000801920c      0x1a4 Build/song.o
                0x000000000801920c                Song::add_to_list(Song::List*, unsigned char)
 .text._ZN4Song16remove_from_listEPNS_4ListEh
                0x00000000080193b0      0x184 Build/song.o
                0x00000000080193b0                Song::remove_from_list(Song::List*, unsigned char)
 .text._ZN4Song4saveER10FileWriter
                0x0000000008019534      0x8dc Build/song.o
                0x0000000008019534                Song::save(FileWriter&)
 .text._ZN4Song4loadER10FileReader
                0x0000000008019e10      0xb4c Build/song.o
                0x0000000008019e10                Song::load(FileReader&)
 .text._ZN10StepEditor4readEii
                0x000000000801a95c       0xe8 Build/stepEditor.o
                0x000000000801a95c                StepEditor::read(int, int)
 .text._ZN10StepEditor4readEi
                0x000000000801aa44       0x10 Build/stepEditor.o
                0x000000000801aa44                StepEditor::read(int)
 .text._ZN10StepEditor5writeEii
                0x000000000801aa54      0x14c Build/stepEditor.o
                0x000000000801aa54                StepEditor::write(int, int)
 .text._ZN10StepEditor4editEiib
                0x000000000801aba0      0x160 Build/stepEditor.o
                0x000000000801aba0                StepEditor::edit(int, int, bool)
 .text._ZN10StepEditor6toggleEi
                0x000000000801ad00      0x120 Build/stepEditor.o
                0x000000000801ad00                StepEditor::toggle(int)
 .text._ZN5Track4saveER10FileWriter
                0x000000000801ae20      0x86c Build/track.o
                0x000000000801ae20                Track::save(FileWriter&)
 .text._ZN5Track4loadER10FileReader
                0x000000000801b68c      0x8c4 Build/track.o
                0x000000000801b68c                Track::load(FileReader&)
 .text._ZN9TrackData4initEv
                0x000000000801bf50       0x7c Build/trackData.o
                0x000000000801bf50                TrackData::init()
 .text._ZN6Canvas11draw_bitmapEiiN6Bitmap2IdEi
                0x000000000801bfcc      0x340 Build/canvas.o
                0x000000000801bfcc                Canvas::draw_bitmap(int, int, Bitmap::Id, int)
 .text._ZN6Canvas9draw_charEiic
                0x000000000801c30c      0x248 Build/canvas.o
                0x000000000801c30c                Canvas::draw_char(int, int, char)
 .text.startup._GLOBAL__sub_I_canvas
                0x000000000801c554       0x1c Build/canvas.o
 .text._ZN9ClipBoard12copy_patternER5Tracki
                0x000000000801c570       0x34 Build/clipBoard.o
                0x000000000801c570                ClipBoard::copy_pattern(Track&, int)
 .text._ZN9ClipBoard13paste_patternER5Tracki
                0x000000000801c5a4       0xe0 Build/clipBoard.o
                0x000000000801c5a4                ClipBoard::paste_pattern(Track&, int)
 .text.startup._GLOBAL__sub_I_clipboard
                0x000000000801c684       0x1c Build/clipBoard.o
 .text._ZN10Controller4initEv
                0x000000000801c6a0       0x10 Build/controller.o
                0x000000000801c6a0                Controller::init()
 .text._ZN10Controller10on_encoderEh
                0x000000000801c6b0        0xc Build/controller.o
                0x000000000801c6b0                Controller::on_encoder(unsigned char)
 .text._ZN10Controller9on_buttonEhb
                0x000000000801c6bc       0x30 Build/controller.o
                0x000000000801c6bc                Controller::on_button(unsigned char, bool)
 .text._ZN10Controller10is_pressedEh
                0x000000000801c6ec       0x1c Build/controller.o
                0x000000000801c6ec                Controller::is_pressed(unsigned char)
 .text._ZN2Ui4initEv
                0x000000000801c708       0x34 Build/ui.o
                0x000000000801c708                Ui::init()
 .text._ZN2Ui4pollEv
                0x000000000801c73c      0x460 Build/ui.o
                0x000000000801c73c                Ui::poll()
 .text._ZN2Ui12send_displayEv
                0x000000000801cb9c      0x18c Build/ui.o
                0x000000000801cb9c                Ui::send_display()
 .text._ZN2Ui7processEv
                0x000000000801cd28      0x100 Build/ui.o
                0x000000000801cd28                Ui::process()
 .text._ZN2Ui9clear_queEv
                0x000000000801ce28        0xc Build/ui.o
                0x000000000801ce28                Ui::clear_que()
 .text.startup._GLOBAL__sub_I_ui
                0x000000000801ce34       0x18 Build/ui.o
 .text.startup._GLOBAL__sub_I__ZN6UiText3strE
                0x000000000801ce4c       0x18 Build/uiText.o
 .text._ZN12ChapterEntryILh3EXadL_Z12system_pagesEEE9num_pagesEv
                0x000000000801ce64        0x4 Build/chapter.o
                0x000000000801ce64                ChapterEntry<(unsigned char)3, &system_pages>::num_pages()
 .text._ZN12ChapterEntryILh3EXadL_Z12system_pagesEEE9curr_pageEv
                0x000000000801ce68        0x4 Build/chapter.o
                0x000000000801ce68                ChapterEntry<(unsigned char)3, &system_pages>::curr_page()
 .text._ZN12ChapterEntryILh3EXadL_Z12system_pagesEEE9page_nameEi
                0x000000000801ce6c       0x14 Build/chapter.o
                0x000000000801ce6c                ChapterEntry<(unsigned char)3, &system_pages>::page_name(int)
 .text._ZN12ChapterEntryILh3EXadL_Z12system_pagesEEE9page_iconEi
                0x000000000801ce80       0x14 Build/chapter.o
                0x000000000801ce80                ChapterEntry<(unsigned char)3, &system_pages>::page_icon(int)
 .text._ZN12ChapterEntryILh2EXadL_Z8cv_pagesEEE9num_pagesEv
                0x000000000801ce94        0x4 Build/chapter.o
                0x000000000801ce94                ChapterEntry<(unsigned char)2, &cv_pages>::num_pages()
 .text._ZN12ChapterEntryILh2EXadL_Z8cv_pagesEEE9curr_pageEv
                0x000000000801ce98        0x4 Build/chapter.o
                0x000000000801ce98                ChapterEntry<(unsigned char)2, &cv_pages>::curr_page()
 .text._ZN12ChapterEntryILh2EXadL_Z8cv_pagesEEE9page_nameEi
                0x000000000801ce9c        0xc Build/chapter.o
                0x000000000801ce9c                ChapterEntry<(unsigned char)2, &cv_pages>::page_name(int)
 .text._ZN12ChapterEntryILh2EXadL_Z8cv_pagesEEE9page_iconEi
                0x000000000801cea8       0x10 Build/chapter.o
                0x000000000801cea8                ChapterEntry<(unsigned char)2, &cv_pages>::page_icon(int)
 .text._ZN12ChapterEntryILh2EXadL_Z10midi_pagesEEE9num_pagesEv
                0x000000000801ceb8        0x4 Build/chapter.o
                0x000000000801ceb8                ChapterEntry<(unsigned char)2, &midi_pages>::num_pages()
 .text._ZN12ChapterEntryILh2EXadL_Z10midi_pagesEEE9curr_pageEv
                0x000000000801cebc        0x4 Build/chapter.o
                0x000000000801cebc                ChapterEntry<(unsigned char)2, &midi_pages>::curr_page()
 .text._ZN12ChapterEntryILh2EXadL_Z10midi_pagesEEE9page_nameEi
                0x000000000801cec0        0xc Build/chapter.o
                0x000000000801cec0                ChapterEntry<(unsigned char)2, &midi_pages>::page_name(int)
 .text._ZN12ChapterEntryILh2EXadL_Z10midi_pagesEEE9page_iconEi
                0x000000000801cecc       0x10 Build/chapter.o
                0x000000000801cecc                ChapterEntry<(unsigned char)2, &midi_pages>::page_icon(int)
 .text._ZN12ChapterEntryILh1EXadL_Z13pattern_pagesEEE9num_pagesEv
                0x000000000801cedc        0x4 Build/chapter.o
                0x000000000801cedc                ChapterEntry<(unsigned char)1, &pattern_pages>::num_pages()
 .text._ZN12ChapterEntryILh1EXadL_Z13pattern_pagesEEE9curr_pageEv
                0x000000000801cee0        0x4 Build/chapter.o
                0x000000000801cee0                ChapterEntry<(unsigned char)1, &pattern_pages>::curr_page()
 .text._ZN12ChapterEntryILh1EXadL_Z13pattern_pagesEEE9page_nameEi
                0x000000000801cee4        0x8 Build/chapter.o
                0x000000000801cee4                ChapterEntry<(unsigned char)1, &pattern_pages>::page_name(int)
 .text._ZN12ChapterEntryILh1EXadL_Z13pattern_pagesEEE9page_iconEi
                0x000000000801ceec        0x8 Build/chapter.o
                0x000000000801ceec                ChapterEntry<(unsigned char)1, &pattern_pages>::page_icon(int)
 .text._ZN12ChapterEntryILh1EXadL_Z11track_pagesEEE9num_pagesEv
                0x000000000801cef4        0x4 Build/chapter.o
                0x000000000801cef4                ChapterEntry<(unsigned char)1, &track_pages>::num_pages()
 .text._ZN12ChapterEntryILh1EXadL_Z11track_pagesEEE9curr_pageEv
                0x000000000801cef8        0x4 Build/chapter.o
                0x000000000801cef8                ChapterEntry<(unsigned char)1, &track_pages>::curr_page()
 .text._ZN12ChapterEntryILh1EXadL_Z11track_pagesEEE9page_nameEi
                0x000000000801cefc        0x8 Build/chapter.o
                0x000000000801cefc                ChapterEntry<(unsigned char)1, &track_pages>::page_name(int)
 .text._ZN12ChapterEntryILh1EXadL_Z11track_pagesEEE9page_iconEi
                0x000000000801cf04        0x8 Build/chapter.o
                0x000000000801cf04                ChapterEntry<(unsigned char)1, &track_pages>::page_icon(int)
 .text._ZN12ChapterEntryILh2EXadL_Z10song_pagesEEE9num_pagesEv
                0x000000000801cf0c        0x4 Build/chapter.o
                0x000000000801cf0c                ChapterEntry<(unsigned char)2, &song_pages>::num_pages()
 .text._ZN12ChapterEntryILh2EXadL_Z10song_pagesEEE9curr_pageEv
                0x000000000801cf10        0x4 Build/chapter.o
                0x000000000801cf10                ChapterEntry<(unsigned char)2, &song_pages>::curr_page()
 .text._ZN12ChapterEntryILh2EXadL_Z10song_pagesEEE9page_nameEi
                0x000000000801cf14        0xc Build/chapter.o
                0x000000000801cf14                ChapterEntry<(unsigned char)2, &song_pages>::page_name(int)
 .text._ZN12ChapterEntryILh2EXadL_Z10song_pagesEEE9page_iconEi
                0x000000000801cf20       0x10 Build/chapter.o
                0x000000000801cf20                ChapterEntry<(unsigned char)2, &song_pages>::page_icon(int)
 .text._ZN12ChapterEntryILh3EXadL_Z12system_pagesEEE9open_pageEi
                0x000000000801cf30       0x3c Build/chapter.o
                0x000000000801cf30                ChapterEntry<(unsigned char)3, &system_pages>::open_page(int)
 .text._ZN12ChapterEntryILh2EXadL_Z8cv_pagesEEE9open_pageEi
                0x000000000801cf6c       0x3c Build/chapter.o
                0x000000000801cf6c                ChapterEntry<(unsigned char)2, &cv_pages>::open_page(int)
 .text._ZN12ChapterEntryILh2EXadL_Z10midi_pagesEEE9open_pageEi
                0x000000000801cfa8       0x3c Build/chapter.o
                0x000000000801cfa8                ChapterEntry<(unsigned char)2, &midi_pages>::open_page(int)
 .text._ZN12ChapterEntryILh1EXadL_Z13pattern_pagesEEE9open_pageEi
                0x000000000801cfe4       0x3c Build/chapter.o
                0x000000000801cfe4                ChapterEntry<(unsigned char)1, &pattern_pages>::open_page(int)
 .text._ZN12ChapterEntryILh1EXadL_Z11track_pagesEEE9open_pageEi
                0x000000000801d020       0x3c Build/chapter.o
                0x000000000801d020                ChapterEntry<(unsigned char)1, &track_pages>::open_page(int)
 .text._ZN12ChapterEntryILh2EXadL_Z10song_pagesEEE9open_pageEi
                0x000000000801d05c       0x3c Build/chapter.o
                0x000000000801d05c                ChapterEntry<(unsigned char)2, &song_pages>::open_page(int)
 .text._ZN7Chapter4initEv
                0x000000000801d098       0x3c Build/chapter.o
                0x000000000801d098                Chapter::init()
 .text._ZN7Chapter4openENS_2IdE
                0x000000000801d0d4       0x94 Build/chapter.o
                0x000000000801d0d4                Chapter::open(Chapter::Id)
 .text._ZN16ConfirmationPage4initEv
                0x000000000801d168        0x4 Build/pages.o
                0x000000000801d168                ConfirmationPage::init()
 .text._ZN16ConfirmationPage9onEncoderEhi
                0x000000000801d16c        0x4 Build/pages.o
                0x000000000801d16c                ConfirmationPage::onEncoder(unsigned char, int)
 .text._ZN16ConfirmationPage6msTickEt
                0x000000000801d170        0x4 Build/pages.o
                0x000000000801d170                ConfirmationPage::msTick(unsigned short)
 .text._ZN16ConfirmationPage9targetFpsEv
                0x000000000801d174        0x4 Build/pages.o
                0x000000000801d174                ConfirmationPage::targetFps()
 .text._ZN17PageSelectionPage8onButtonEhh
                0x000000000801d178        0x4 Build/pages.o
                0x000000000801d178                PageSelectionPage::onButton(unsigned char, unsigned char)
 .text._ZN15MidiInputUiList9num_itemsEv
                0x000000000801d17c        0x4 Build/pages.o
                0x000000000801d17c                MidiInputUiList::num_items()
 .text._ZN15MidiInputUiList9item_textEi
                0x000000000801d180       0x14 Build/pages.o
                0x000000000801d180                MidiInputUiList::item_text(int)
 .text._ZN15MidiInputUiList4editEiib
                0x000000000801d194      0x198 Build/pages.o
                0x000000000801d194                MidiInputUiList::edit(int, int, bool)
 .text._ZN14MidiFilterPage4initEv
                0x000000000801d32c       0x48 Build/pages.o
                0x000000000801d32c                MidiFilterPage::init()
 .text._ZN14MidiFilterPage4exitEv
                0x000000000801d374        0xc Build/pages.o
                0x000000000801d374                MidiFilterPage::exit()
 .text._ZN14MidiFilterPage9onEncoderEhi
                0x000000000801d380       0x68 Build/pages.o
                0x000000000801d380                MidiFilterPage::onEncoder(unsigned char, int)
 .text._ZN11MonitorPage4initEv
                0x000000000801d3e8       0x2c Build/pages.o
                0x000000000801d3e8                MonitorPage::init()
 .text._ZN11MonitorPage5enterEv
                0x000000000801d414       0x54 Build/pages.o
                0x000000000801d414                MonitorPage::enter()
 .text._ZN13MidiInputPage14clear_settingsEv
                0x000000000801d468       0x48 Build/pages.o
                0x000000000801d468                MidiInputPage::clear_settings()
 .text._ZN16MidiOutputUiList9num_itemsEv
                0x000000000801d4b0        0x4 Build/pages.o
                0x000000000801d4b0                MidiOutputUiList::num_items()
 .text._ZN16MidiOutputUiList9item_textEi
                0x000000000801d4b4       0x14 Build/pages.o
                0x000000000801d4b4                MidiOutputUiList::item_text(int)
 .text._ZN16MidiOutputUiList10value_textEi
                0x000000000801d4c8       0x78 Build/pages.o
                0x000000000801d4c8                MidiOutputUiList::value_text(int)
 .text._ZN16MidiOutputUiList4editEiib
                0x000000000801d540       0x54 Build/pages.o
                0x000000000801d540                MidiOutputUiList::edit(int, int, bool)
 .text._ZN14MidiOutputPage14clear_settingsEv
                0x000000000801d594       0x48 Build/pages.o
                0x000000000801d594                MidiOutputPage::clear_settings()
 .text._ZN13CvInputUiList9num_itemsEv
                0x000000000801d5dc        0x4 Build/pages.o
                0x000000000801d5dc                CvInputUiList::num_items()
 .text._ZN13CvInputUiList9item_textEi
                0x000000000801d5e0       0x14 Build/pages.o
                0x000000000801d5e0                CvInputUiList::item_text(int)
 .text._ZN13CvInputUiList4editEiib
                0x000000000801d5f4       0x68 Build/pages.o
                0x000000000801d5f4                CvInputUiList::edit(int, int, bool)
 .text._ZN11CvInputPage14clear_settingsEv
                0x000000000801d65c       0x1c Build/pages.o
                0x000000000801d65c                CvInputPage::clear_settings()
 .text._ZN14CvOutputUiList9num_itemsEv
                0x000000000801d678        0x4 Build/pages.o
                0x000000000801d678                CvOutputUiList::num_items()
 .text._ZN14CvOutputUiList9item_textEi
                0x000000000801d67c       0x14 Build/pages.o
                0x000000000801d67c                CvOutputUiList::item_text(int)
 .text._ZN14CvOutputUiList4editEiib
                0x000000000801d690       0xf8 Build/pages.o
                0x000000000801d690                CvOutputUiList::edit(int, int, bool)
 .text._ZN12CvOutputPage14clear_settingsEv
                0x000000000801d788       0x2c Build/pages.o
                0x000000000801d788                CvOutputPage::clear_settings()
 .text._ZN10SystemPage9targetFpsEv
                0x000000000801d7b4        0x4 Build/pages.o
                0x000000000801d7b4                SystemPage::targetFps()
 .text._ZN13TextInputPage4initEv
                0x000000000801d7b8       0x34 Build/pages.o
                0x000000000801d7b8                TextInputPage::init()
 .text._ZN13TextInputPage8drawLedsEv
                0x000000000801d7ec      0x200 Build/pages.o
                0x000000000801d7ec                TextInputPage::drawLeds()
 .text._ZN13TextInputPage6msTickEt
                0x000000000801d9ec       0x1c Build/pages.o
                0x000000000801d9ec                TextInputPage::msTick(unsigned short)
 .text._ZN12DiskUtilPage4initEv
                0x000000000801da08       0x1c Build/pages.o
                0x000000000801da08                DiskUtilPage::init()
 .text._ZN12DiskUtilPage5enterEv
                0x000000000801da24       0x4c Build/pages.o
                0x000000000801da24                DiskUtilPage::enter()
 .text._ZN12DiskUtilPage9onEncoderEhi
                0x000000000801da70       0x5c Build/pages.o
                0x000000000801da70                DiskUtilPage::onEncoder(unsigned char, int)
 .text._ZN17CalibrationUiList9num_itemsEv
                0x000000000801dacc        0x4 Build/pages.o
                0x000000000801dacc                CalibrationUiList::num_items()
 .text._ZN17CalibrationUiList9item_textEi
                0x000000000801dad0       0x18 Build/pages.o
                0x000000000801dad0                CalibrationUiList::item_text(int)
 .text._ZN15CalibrationPage14clear_settingsEv
                0x000000000801dae8       0x14 Build/pages.o
                0x000000000801dae8                CalibrationPage::clear_settings()
 .text._ZN15CalibrationPage4exitEv
                0x000000000801dafc       0x18 Build/pages.o
                0x000000000801dafc                CalibrationPage::exit()
 .text._ZN12HardwarePage4initEv
                0x000000000801db14       0x18 Build/pages.o
                0x000000000801db14                HardwarePage::init()
 .text._ZN12HardwarePage5enterEv
                0x000000000801db2c        0x4 Build/pages.o
                0x000000000801db2c                HardwarePage::enter()
 .text._ZN12HardwarePage8drawLedsEv
                0x000000000801db30      0x254 Build/pages.o
                0x000000000801db30                HardwarePage::drawLeds()
 .text._ZN14OptionListPage5enterEv
                0x000000000801dd84       0x4c Build/pages.o
                0x000000000801dd84                OptionListPage::enter()
 .text._ZN14OptionListPage4exitEv
                0x000000000801ddd0       0x1c Build/pages.o
                0x000000000801ddd0                OptionListPage::exit()
 .text._ZN14OptionListPage9onEncoderEhi
                0x000000000801ddec       0x58 Build/pages.o
                0x000000000801ddec                OptionListPage::onEncoder(unsigned char, int)
 .text._ZN13CheckListPage5enterEv
                0x000000000801de44       0x4c Build/pages.o
                0x000000000801de44                CheckListPage::enter()
 .text._ZN13CheckListPage9onEncoderEhi
                0x000000000801de90       0x6c Build/pages.o
                0x000000000801de90                CheckListPage::onEncoder(unsigned char, int)
 .text._ZN10SongUiList9num_itemsEv
                0x000000000801defc        0x4 Build/pages.o
                0x000000000801defc                SongUiList::num_items()
 .text._ZN10SongUiList9item_textEi
                0x000000000801df00       0x14 Build/pages.o
                0x000000000801df00                SongUiList::item_text(int)
 .text._ZN15SongMonitorPage4initEv
                0x000000000801df14       0x4c Build/pages.o
                0x000000000801df14                SongMonitorPage::init()
 .text._ZN15SongMonitorPage9onEncoderEhi
                0x000000000801df60       0x4c Build/pages.o
                0x000000000801df60                SongMonitorPage::onEncoder(unsigned char, int)
 .text._ZN15SongMonitorPage9targetFpsEv
                0x000000000801dfac        0x4 Build/pages.o
                0x000000000801dfac                SongMonitorPage::targetFps()
 .text._ZN15BaseTrackUiList9num_itemsEv
                0x000000000801dfb0        0x4 Build/pages.o
                0x000000000801dfb0                BaseTrackUiList::num_items()
 .text._ZN15BaseTrackUiList9item_textEi
                0x000000000801dfb4       0x14 Build/pages.o
                0x000000000801dfb4                BaseTrackUiList::item_text(int)
 .text._ZN15NoteTrackUiList9num_itemsEv
                0x000000000801dfc8        0x4 Build/pages.o
                0x000000000801dfc8                NoteTrackUiList::num_items()
 .text._ZN15NoteTrackUiList9item_textEi
                0x000000000801dfcc       0x24 Build/pages.o
                0x000000000801dfcc                NoteTrackUiList::item_text(int)
 .text._ZN16ChordTrackUiList9num_itemsEv
                0x000000000801dff0        0x4 Build/pages.o
                0x000000000801dff0                ChordTrackUiList::num_items()
 .text._ZN16ChordTrackUiList9item_textEi
                0x000000000801dff4       0x24 Build/pages.o
                0x000000000801dff4                ChordTrackUiList::item_text(int)
 .text._ZN15DrumTrackUiList9num_itemsEv
                0x000000000801e018        0x4 Build/pages.o
                0x000000000801e018                DrumTrackUiList::num_items()
 .text._ZN15DrumTrackUiList9item_textEi
                0x000000000801e01c       0x24 Build/pages.o
                0x000000000801e01c                DrumTrackUiList::item_text(int)
 .text._ZN16CurveTrackUiList9num_itemsEv
                0x000000000801e040        0x4 Build/pages.o
                0x000000000801e040                CurveTrackUiList::num_items()
 .text._ZN16CurveTrackUiList9item_textEi
                0x000000000801e044       0x28 Build/pages.o
                0x000000000801e044                CurveTrackUiList::item_text(int)
 .text._ZN9TrackPage4exitEv
                0x000000000801e06c       0x30 Build/pages.o
                0x000000000801e06c                TrackPage::exit()
 .text._ZN11PatternPage4initEv
                0x000000000801e09c       0xd0 Build/pages.o
                0x000000000801e09c                PatternPage::init()
 .text._ZN11PatternPage6msTickEt
                0x000000000801e16c       0x1c Build/pages.o
                0x000000000801e16c                PatternPage::msTick(unsigned short)
 .text._ZN17PatternRandomPage6msTickEt
                0x000000000801e188        0x4 Build/pages.o
                0x000000000801e188                PatternRandomPage::msTick(unsigned short)
 .text._ZN15PatternListPage4initEv
                0x000000000801e18c        0xc Build/pages.o
                0x000000000801e18c                PatternListPage::init()
 .text._ZN15PatternListPage5enterEv
                0x000000000801e198       0x90 Build/pages.o
                0x000000000801e198                PatternListPage::enter()
 .text._ZN15PatternListPage4exitEv
                0x000000000801e228       0x3c Build/pages.o
                0x000000000801e228                PatternListPage::exit()
 .text._ZN7TopPage4initEv
                0x000000000801e264       0x20 Build/pages.o
                0x000000000801e264                TopPage::init()
 .text._ZN7TopPage8drawLedsEv
                0x000000000801e284      0x1ac Build/pages.o
                0x000000000801e284                TopPage::drawLeds()
 .text._ZZN8ListPage8onButtonEhhENUlhE_4_FUNEh
                0x000000000801e430       0x10 Build/pages.o
 .text._ZN13StringBuilder4copyEPcPKc.isra.0.part.0
                0x000000000801e440       0x28 Build/pages.o
 .text._ZN10SerialItem5writeEPmi.part.0
                0x000000000801e468       0x20 Build/pages.o
 .text._ZN17CalibrationUiList4editEiib
                0x000000000801e488       0x78 Build/pages.o
                0x000000000801e488                CalibrationUiList::edit(int, int, bool)
 .text._ZZN15PatternEditPage8onButtonEhhENUlhE_4_FUNEh
                0x000000000801e500       0x34 Build/pages.o
 .text._ZN8ListPage9onEncoderEhi.part.0
                0x000000000801e534       0x80 Build/pages.o
 .text._ZN13MidiInputPage9onEncoderEhi
                0x000000000801e5b4       0x10 Build/pages.o
                0x000000000801e5b4                MidiInputPage::onEncoder(unsigned char, int)
 .text._ZN14MidiOutputPage9onEncoderEhi
                0x000000000801e5c4        0x4 Build/pages.o
                0x000000000801e5c4                MidiOutputPage::onEncoder(unsigned char, int)
 .text._ZN11CvInputPage9onEncoderEhi
                0x000000000801e5c8        0x4 Build/pages.o
                0x000000000801e5c8                CvInputPage::onEncoder(unsigned char, int)
 .text._ZN12CvOutputPage9onEncoderEhi
                0x000000000801e5cc        0x4 Build/pages.o
                0x000000000801e5cc                CvOutputPage::onEncoder(unsigned char, int)
 .text._ZN15CalibrationPage9onEncoderEhi
                0x000000000801e5d0        0x4 Build/pages.o
                0x000000000801e5d0                CalibrationPage::onEncoder(unsigned char, int)
 .text._ZN8SongPage9onEncoderEhi
                0x000000000801e5d4        0x4 Build/pages.o
                0x000000000801e5d4                SongPage::onEncoder(unsigned char, int)
 .text._ZN9TrackPage8drawLedsEv
                0x000000000801e5d8      0x268 Build/pages.o
                0x000000000801e5d8                TrackPage::drawLeds()
 .text._ZN7TopPage14on_stop_buttonEv.part.0
                0x000000000801e840       0x20 Build/pages.o
 .text._ZN17PatternHeaderPage4editEiib.part.0
                0x000000000801e860       0x54 Build/pages.o
 .text._ZN15NotePatternPage9onEncoderEhi.part.0
                0x000000000801e8b4       0x88 Build/pages.o
 .text._ZN13TextInputPage9onEncoderEhi
                0x000000000801e93c       0x78 Build/pages.o
                0x000000000801e93c                TextInputPage::onEncoder(unsigned char, int)
 .text._ZN5Pages11move_to_topENS_2IdE.part.0
                0x000000000801e9b4      0x114 Build/pages.o
 .text._ZN17PageSelectionPage5enterEv
                0x000000000801eac8       0xa0 Build/pages.o
                0x000000000801eac8                PageSelectionPage::enter()
 .text._ZN17PageSelectionPage9onEncoderEhi
                0x000000000801eb68       0x7c Build/pages.o
                0x000000000801eb68                PageSelectionPage::onEncoder(unsigned char, int)
 .text._ZN15SongMonitorPage8onButtonEhh
                0x000000000801ebe4        0x4 Build/pages.o
                0x000000000801ebe4                SongMonitorPage::onButton(unsigned char, unsigned char)
 .text._ZN14MidiFilterPage6msTickEt
                0x000000000801ebe8        0x4 Build/pages.o
                0x000000000801ebe8                MidiFilterPage::msTick(unsigned short)
 .text._ZN7TopPage9onEncoderEhi
                0x000000000801ebec        0x4 Build/pages.o
                0x000000000801ebec                TopPage::onEncoder(unsigned char, int)
 .text._ZN11MonitorPage9onEncoderEhi
                0x000000000801ebf0        0x4 Build/pages.o
                0x000000000801ebf0                MonitorPage::onEncoder(unsigned char, int)
 .text._ZN10SystemPage9onEncoderEhi
                0x000000000801ebf4        0x4 Build/pages.o
                0x000000000801ebf4                SystemPage::onEncoder(unsigned char, int)
 .text._ZN13DiskRetryPage9onEncoderEhi
                0x000000000801ebf8        0x4 Build/pages.o
                0x000000000801ebf8                DiskRetryPage::onEncoder(unsigned char, int)
 .text._ZN10SystemPage6msTickEt
                0x000000000801ebfc        0x4 Build/pages.o
                0x000000000801ebfc                SystemPage::msTick(unsigned short)
 .text._ZN17PatternRandomPage9targetFpsEv
                0x000000000801ec00        0x4 Build/pages.o
                0x000000000801ec00                PatternRandomPage::targetFps()
 .text._ZN15PatternListPage6msTickEt
                0x000000000801ec04        0x4 Build/pages.o
                0x000000000801ec04                PatternListPage::msTick(unsigned short)
 .text._ZN15PatternListPage9targetFpsEv
                0x000000000801ec08        0x4 Build/pages.o
                0x000000000801ec08                PatternListPage::targetFps()
 .text._ZN7TopPage6msTickEt
                0x000000000801ec0c        0x4 Build/pages.o
                0x000000000801ec0c                TopPage::msTick(unsigned short)
 .text._ZN7TopPage9targetFpsEv
                0x000000000801ec10        0x4 Build/pages.o
                0x000000000801ec10                TopPage::targetFps()
 .text._ZN17PageSelectionPage6msTickEt
                0x000000000801ec14        0x4 Build/pages.o
                0x000000000801ec14                PageSelectionPage::msTick(unsigned short)
 .text._ZN17PageSelectionPage9targetFpsEv
                0x000000000801ec18        0x4 Build/pages.o
                0x000000000801ec18                PageSelectionPage::targetFps()
 .text._ZN9TrackPage6msTickEt
                0x000000000801ec1c        0x4 Build/pages.o
                0x000000000801ec1c                TrackPage::msTick(unsigned short)
 .text._ZN9TrackPage9targetFpsEv
                0x000000000801ec20        0x4 Build/pages.o
                0x000000000801ec20                TrackPage::targetFps()
 .text._ZN15SongMonitorPage6msTickEt
                0x000000000801ec24        0x4 Build/pages.o
                0x000000000801ec24                SongMonitorPage::msTick(unsigned short)
 .text._ZN8SongPage6msTickEt
                0x000000000801ec28        0x4 Build/pages.o
                0x000000000801ec28                SongPage::msTick(unsigned short)
 .text._ZN8SongPage9targetFpsEv
                0x000000000801ec2c        0x4 Build/pages.o
                0x000000000801ec2c                SongPage::targetFps()
 .text._ZN13CheckListPage9targetFpsEv
                0x000000000801ec30        0x4 Build/pages.o
                0x000000000801ec30                CheckListPage::targetFps()
 .text._ZN11PatternPage9targetFpsEv
                0x000000000801ec34        0x4 Build/pages.o
                0x000000000801ec34                PatternPage::targetFps()
 .text._ZN13DiskRetryPage6msTickEt
                0x000000000801ec38        0x4 Build/pages.o
                0x000000000801ec38                DiskRetryPage::msTick(unsigned short)
 .text._ZN12DiskUtilPage9targetFpsEv
                0x000000000801ec3c        0x4 Build/pages.o
                0x000000000801ec3c                DiskUtilPage::targetFps()
 .text._ZN13TextInputPage9targetFpsEv
                0x000000000801ec40        0x4 Build/pages.o
                0x000000000801ec40                TextInputPage::targetFps()
 .text._ZN12DiskUtilPage6msTickEt
                0x000000000801ec44        0x4 Build/pages.o
                0x000000000801ec44                DiskUtilPage::msTick(unsigned short)
 .text._ZN13DiskRetryPage9targetFpsEv
                0x000000000801ec48        0x4 Build/pages.o
                0x000000000801ec48                DiskRetryPage::targetFps()
 .text._ZN8SavePage6msTickEt
                0x000000000801ec4c        0x4 Build/pages.o
                0x000000000801ec4c                SavePage::msTick(unsigned short)
 .text._ZN8SavePage9targetFpsEv
                0x000000000801ec50        0x4 Build/pages.o
                0x000000000801ec50                SavePage::targetFps()
 .text._ZN8LoadPage6msTickEt
                0x000000000801ec54        0x4 Build/pages.o
                0x000000000801ec54                LoadPage::msTick(unsigned short)
 .text._ZN8LoadPage9targetFpsEv
                0x000000000801ec58        0x4 Build/pages.o
                0x000000000801ec58                LoadPage::targetFps()
 .text._ZN15CalibrationPage6msTickEt
                0x000000000801ec5c        0x4 Build/pages.o
                0x000000000801ec5c                CalibrationPage::msTick(unsigned short)
 .text._ZN15CalibrationPage9targetFpsEv
                0x000000000801ec60        0x4 Build/pages.o
                0x000000000801ec60                CalibrationPage::targetFps()
 .text._ZN12HardwarePage6msTickEt
                0x000000000801ec64        0x4 Build/pages.o
                0x000000000801ec64                HardwarePage::msTick(unsigned short)
 .text._ZN12HardwarePage9targetFpsEv
                0x000000000801ec68        0x4 Build/pages.o
                0x000000000801ec68                HardwarePage::targetFps()
 .text._ZN14OptionListPage6msTickEt
                0x000000000801ec6c        0x4 Build/pages.o
                0x000000000801ec6c                OptionListPage::msTick(unsigned short)
 .text._ZN14OptionListPage9targetFpsEv
                0x000000000801ec70        0x4 Build/pages.o
                0x000000000801ec70                OptionListPage::targetFps()
 .text._ZN13CheckListPage6msTickEt
                0x000000000801ec74        0x4 Build/pages.o
                0x000000000801ec74                CheckListPage::msTick(unsigned short)
 .text._ZN12CvOutputPage6msTickEt
                0x000000000801ec78        0x4 Build/pages.o
                0x000000000801ec78                CvOutputPage::msTick(unsigned short)
 .text._ZN12CvOutputPage9targetFpsEv
                0x000000000801ec7c        0x4 Build/pages.o
                0x000000000801ec7c                CvOutputPage::targetFps()
 .text._ZN11MonitorPage6msTickEt
                0x000000000801ec80        0x4 Build/pages.o
                0x000000000801ec80                MonitorPage::msTick(unsigned short)
 .text._ZN11MonitorPage9targetFpsEv
                0x000000000801ec84        0x4 Build/pages.o
                0x000000000801ec84                MonitorPage::targetFps()
 .text._ZN13MidiInputPage6msTickEt
                0x000000000801ec88        0x4 Build/pages.o
                0x000000000801ec88                MidiInputPage::msTick(unsigned short)
 .text._ZN13MidiInputPage9targetFpsEv
                0x000000000801ec8c        0x4 Build/pages.o
                0x000000000801ec8c                MidiInputPage::targetFps()
 .text._ZN14MidiOutputPage6msTickEt
                0x000000000801ec90        0x4 Build/pages.o
                0x000000000801ec90                MidiOutputPage::msTick(unsigned short)
 .text._ZN14MidiOutputPage9targetFpsEv
                0x000000000801ec94        0x4 Build/pages.o
                0x000000000801ec94                MidiOutputPage::targetFps()
 .text._ZN11CvInputPage6msTickEt
                0x000000000801ec98        0x4 Build/pages.o
                0x000000000801ec98                CvInputPage::msTick(unsigned short)
 .text._ZN11CvInputPage9targetFpsEv
                0x000000000801ec9c        0x4 Build/pages.o
                0x000000000801ec9c                CvInputPage::targetFps()
 .text._ZN14MidiFilterPage9targetFpsEv
                0x000000000801eca0        0x4 Build/pages.o
                0x000000000801eca0                MidiFilterPage::targetFps()
 .text._ZN13CheckListPage4initEv
                0x000000000801eca4        0x4 Build/pages.o
                0x000000000801eca4                CheckListPage::init()
 .text._ZN13CheckListPage4exitEv
                0x000000000801eca8        0x4 Build/pages.o
                0x000000000801eca8                CheckListPage::exit()
 .text._ZN8LoadPage4initEv
                0x000000000801ecac        0x4 Build/pages.o
                0x000000000801ecac                LoadPage::init()
 .text._ZN14OptionListPage4initEv
                0x000000000801ecb0        0x4 Build/pages.o
                0x000000000801ecb0                OptionListPage::init()
 .text._ZN8SavePage4initEv
                0x000000000801ecb4        0x4 Build/pages.o
                0x000000000801ecb4                SavePage::init()
 .text._ZN13DiskRetryPage4initEv
                0x000000000801ecb8        0x4 Build/pages.o
                0x000000000801ecb8                DiskRetryPage::init()
 .text._ZN12DiskUtilPage4exitEv
                0x000000000801ecbc        0x4 Build/pages.o
                0x000000000801ecbc                DiskUtilPage::exit()
 .text._ZN13DiskRetryPage5enterEv
                0x000000000801ecc0        0x4 Build/pages.o
                0x000000000801ecc0                DiskRetryPage::enter()
 .text._ZN13DiskRetryPage4exitEv
                0x000000000801ecc4        0x4 Build/pages.o
                0x000000000801ecc4                DiskRetryPage::exit()
 .text._ZN10SystemPage4exitEv
                0x000000000801ecc8        0x4 Build/pages.o
                0x000000000801ecc8                SystemPage::exit()
 .text._ZN16ConfirmationPage4exitEv
                0x000000000801eccc        0x4 Build/pages.o
                0x000000000801eccc                ConfirmationPage::exit()
 .text._ZN16ConfirmationPage5enterEv
                0x000000000801ecd0        0x4 Build/pages.o
                0x000000000801ecd0                ConfirmationPage::enter()
 .text._ZN17PatternRandomPage4initEv
                0x000000000801ecd4        0x4 Build/pages.o
                0x000000000801ecd4                PatternRandomPage::init()
 .text._ZN17PatternRandomPage4exitEv
                0x000000000801ecd8        0x4 Build/pages.o
                0x000000000801ecd8                PatternRandomPage::exit()
 .text._ZN10SystemPage4initEv
                0x000000000801ecdc        0x4 Build/pages.o
                0x000000000801ecdc                SystemPage::init()
 .text._ZN13MidiInputPage4initEv
                0x000000000801ece0        0x4 Build/pages.o
                0x000000000801ece0                MidiInputPage::init()
 .text._ZN14MidiOutputPage4initEv
                0x000000000801ece4        0x4 Build/pages.o
                0x000000000801ece4                MidiOutputPage::init()
 .text._ZN11CvInputPage4initEv
                0x000000000801ece8        0x4 Build/pages.o
                0x000000000801ece8                CvInputPage::init()
 .text._ZN7TopPage4exitEv
                0x000000000801ecec        0x4 Build/pages.o
                0x000000000801ecec                TopPage::exit()
 .text._ZN11MonitorPage4exitEv
                0x000000000801ecf0        0x4 Build/pages.o
                0x000000000801ecf0                MonitorPage::exit()
 .text._ZN12HardwarePage4exitEv
                0x000000000801ecf4        0x4 Build/pages.o
                0x000000000801ecf4                HardwarePage::exit()
 .text._ZN15CalibrationPage4initEv
                0x000000000801ecf8        0x4 Build/pages.o
                0x000000000801ecf8                CalibrationPage::init()
 .text._ZN12CvOutputPage4initEv
                0x000000000801ecfc        0x4 Build/pages.o
                0x000000000801ecfc                CvOutputPage::init()
 .text._ZN13TextInputPage5enterEv
                0x000000000801ed00        0x4 Build/pages.o
                0x000000000801ed00                TextInputPage::enter()
 .text._ZN13TextInputPage4exitEv
                0x000000000801ed04        0x4 Build/pages.o
                0x000000000801ed04                TextInputPage::exit()
 .text._ZN17PageSelectionPage4exitEv
                0x000000000801ed08        0x4 Build/pages.o
                0x000000000801ed08                PageSelectionPage::exit()
 .text._ZN17PageSelectionPage8drawLedsEv
                0x000000000801ed0c        0x4 Build/pages.o
                0x000000000801ed0c                PageSelectionPage::drawLeds()
 .text._ZN17PageSelectionPage4initEv
                0x000000000801ed10        0x4 Build/pages.o
                0x000000000801ed10                PageSelectionPage::init()
 .text._ZN15SongMonitorPage5enterEv
                0x000000000801ed14        0x4 Build/pages.o
                0x000000000801ed14                SongMonitorPage::enter()
 .text._ZN8SongPage4initEv
                0x000000000801ed18        0x4 Build/pages.o
                0x000000000801ed18                SongPage::init()
 .text._ZN9TrackPage4initEv
                0x000000000801ed1c        0x4 Build/pages.o
                0x000000000801ed1c                TrackPage::init()
 .text._ZN15SongMonitorPage8drawLedsEv
                0x000000000801ed20        0x4 Build/pages.o
                0x000000000801ed20                SongMonitorPage::drawLeds()
 .text._ZN7TopPage5enterEv
                0x000000000801ed24        0x4 Build/pages.o
                0x000000000801ed24                TopPage::enter()
 .text._ZN15SongMonitorPage4exitEv
                0x000000000801ed28        0x4 Build/pages.o
                0x000000000801ed28                SongMonitorPage::exit()
 .text._ZN14MidiOutputPage4exitEv
                0x000000000801ed2c        0xc Build/pages.o
                0x000000000801ed2c                MidiOutputPage::exit()
 .text._ZN8SongPage4exitEv
                0x000000000801ed38        0xc Build/pages.o
                0x000000000801ed38                SongPage::exit()
 .text._ZN12CvOutputPage4exitEv
                0x000000000801ed44        0xc Build/pages.o
                0x000000000801ed44                CvOutputPage::exit()
 .text._ZN8LoadPage4exitEv
                0x000000000801ed50        0xc Build/pages.o
                0x000000000801ed50                LoadPage::exit()
 .text._ZN8SavePage4exitEv
                0x000000000801ed5c        0xc Build/pages.o
                0x000000000801ed5c                SavePage::exit()
 .text._ZN11CvInputPage4exitEv
                0x000000000801ed68        0xc Build/pages.o
                0x000000000801ed68                CvInputPage::exit()
 .text._ZN13MidiInputPage4exitEv
                0x000000000801ed74        0xc Build/pages.o
                0x000000000801ed74                MidiInputPage::exit()
 .text._ZN16ConfirmationPage8drawLedsEv
                0x000000000801ed80      0x1a8 Build/pages.o
                0x000000000801ed80                ConfirmationPage::drawLeds()
 .text._ZN12DiskUtilPage8drawLedsEv
                0x000000000801ef28        0x4 Build/pages.o
                0x000000000801ef28                DiskUtilPage::drawLeds()
 .text._ZN14OptionListPage8drawLedsEv
                0x000000000801ef2c        0x4 Build/pages.o
                0x000000000801ef2c                OptionListPage::drawLeds()
 .text._ZN14MidiFilterPage8drawLedsEv
                0x000000000801ef30      0x368 Build/pages.o
                0x000000000801ef30                MidiFilterPage::drawLeds()
 .text._ZN10SongUiList4editEiib
                0x000000000801f298      0x2bc Build/pages.o
                0x000000000801f298                SongUiList::edit(int, int, bool)
 .text._ZN10SystemPage8drawLedsEv
                0x000000000801f554      0x1b8 Build/pages.o
                0x000000000801f554                SystemPage::drawLeds()
 .text._ZN13DiskRetryPage8drawLedsEv
                0x000000000801f70c      0x19c Build/pages.o
                0x000000000801f70c                DiskRetryPage::drawLeds()
 .text._ZN13CheckListPage8drawLedsEv
                0x000000000801f8a8      0x374 Build/pages.o
                0x000000000801f8a8                CheckListPage::drawLeds()
 .text._ZN11MonitorPage8drawLedsEv
                0x000000000801fc1c      0x1c8 Build/pages.o
                0x000000000801fc1c                MonitorPage::drawLeds()
 .text._ZN15PatternListPage8drawLedsEv
                0x000000000801fde4      0x1c8 Build/pages.o
                0x000000000801fde4                PatternListPage::drawLeds()
 .text._ZN15CalibrationPage8drawLedsEv
                0x000000000801ffac      0x1d0 Build/pages.o
                0x000000000801ffac                CalibrationPage::drawLeds()
 .text._ZN8SongPage8drawLedsEv
                0x000000000802017c        0x4 Build/pages.o
                0x000000000802017c                SongPage::drawLeds()
 .text._ZN13MidiInputPage8drawLedsEv
                0x0000000008020180      0x1b4 Build/pages.o
                0x0000000008020180                MidiInputPage::drawLeds()
 .text._ZN11CvInputPage8drawLedsEv
                0x0000000008020334        0x4 Build/pages.o
                0x0000000008020334                CvInputPage::drawLeds()
 .text._ZN12CvOutputPage8drawLedsEv
                0x0000000008020338        0x4 Build/pages.o
                0x0000000008020338                CvOutputPage::drawLeds()
 .text._ZN11ClockEngine18gate_duration_textEh.part.0
                0x000000000802033c       0xd0 Build/pages.o
 .text._ZN13StringBuilder6appendEl
                0x000000000802040c       0x54 Build/pages.o
                0x000000000802040c                StringBuilder::append(long)
 .text._ZN17CalibrationUiList10value_textEi
                0x0000000008020460       0x50 Build/pages.o
                0x0000000008020460                CalibrationUiList::value_text(int)
 .text._ZN12HardwarePage9onEncoderEhi
                0x00000000080204b0      0x10c Build/pages.o
                0x00000000080204b0                HardwarePage::onEncoder(unsigned char, int)
 .text._ZN10SongUiList10value_textEi
                0x00000000080205bc      0x19c Build/pages.o
                0x00000000080205bc                SongUiList::value_text(int)
 .text._ZN13CvInputUiList10value_textEi
                0x0000000008020758       0x90 Build/pages.o
                0x0000000008020758                CvInputUiList::value_text(int)
 .text._ZN10SystemPage5enterEv
                0x00000000080207e8       0x9c Build/pages.o
                0x00000000080207e8                SystemPage::enter()
 .text._ZN6Canvas3boxEiiiiNS_5ColorES0_i
                0x0000000008020884      0x890 Build/pages.o
                0x0000000008020884                Canvas::box(int, int, int, int, Canvas::Color, Canvas::Color, int)
 .text._ZN13WindowPainter18vertical_scrollbarER6Window.part.0
                0x0000000008021114       0x84 Build/pages.o
 .text._ZN6Canvas9draw_textEiiiiPKcNS_6AllignES2_NS_5ColorE
                0x0000000008021198      0x104 Build/pages.o
                0x0000000008021198                Canvas::draw_text(int, int, int, int, char const*, Canvas::Allign, Canvas::Allign, Canvas::Color)
 .text._ZN17PageSelectionPage11drawDisplayEv
                0x000000000802129c      0x7fc Build/pages.o
                0x000000000802129c                PageSelectionPage::drawDisplay()
 .text._ZN7TopPage11drawDisplayEv
                0x0000000008021a98      0xe24 Build/pages.o
                0x0000000008021a98                TopPage::drawDisplay()
 .text._ZN10Controller18encoder_is_pressedEh
                0x00000000080228bc       0xfc Build/pages.o
                0x00000000080228bc                Controller::encoder_is_pressed(unsigned char)
 .text._ZN6UiText9note_textEhb
                0x00000000080229b8      0x10c Build/pages.o
                0x00000000080229b8                UiText::note_text(unsigned char, bool)
 .text._ZN11ClockEngine10speed_textEi
                0x0000000008022ac4       0x88 Build/pages.o
                0x0000000008022ac4                ClockEngine::speed_text(int)
 .text._ZN14CvOutputUiList10value_textEi
                0x0000000008022b4c      0x154 Build/pages.o
                0x0000000008022b4c                CvOutputUiList::value_text(int)
 .text._ZN15MidiInputUiList10value_textEi
                0x0000000008022ca0      0x154 Build/pages.o
                0x0000000008022ca0                MidiInputUiList::value_text(int)
 .text._ZN9NoteTrack5clearEv
                0x0000000008022df4      0x674 Build/pages.o
                0x0000000008022df4                NoteTrack::clear()
 .text._ZN9NoteTrack11add_patternEv
                0x0000000008023468      0x62c Build/pages.o
                0x0000000008023468                NoteTrack::add_pattern()
 .text._ZN5Chord5buildEhhhh
                0x0000000008023a94       0xdc Build/pages.o
                0x0000000008023a94                Chord::build(unsigned char, unsigned char, unsigned char, unsigned char)
 .text._ZN10ChordTrack5clearEv
                0x0000000008023b70      0x5e8 Build/pages.o
                0x0000000008023b70                ChordTrack::clear()
 .text._ZN10ChordTrack11add_patternEv
                0x0000000008024158      0x570 Build/pages.o
                0x0000000008024158                ChordTrack::add_pattern()
 .text._ZN9DrumTrack15step_value_textENS_8StepItemEi
                0x00000000080246c8      0x118 Build/pages.o
                0x00000000080246c8                DrumTrack::step_value_text(DrumTrack::StepItem, int)
 .text._ZN9DrumTrack11add_patternEv
                0x00000000080247e0      0x56c Build/pages.o
                0x00000000080247e0                DrumTrack::add_pattern()
 .text._ZN10CurveTrack5clearEv
                0x0000000008024d4c      0x660 Build/pages.o
                0x0000000008024d4c                CurveTrack::clear()
 .text._ZN10CurveTrack11add_patternEv
                0x00000000080253ac      0x580 Build/pages.o
                0x00000000080253ac                CurveTrack::add_pattern()
 .text._ZN5Track4nameEv
                0x000000000802592c      0x138 Build/pages.o
                0x000000000802592c                Track::name()
 .text._ZN15BaseTrackUiList10value_textEi
                0x0000000008025a64      0x140 Build/pages.o
                0x0000000008025a64                BaseTrackUiList::value_text(int)
 .text._ZN16CurveTrackUiList10value_textEi
                0x0000000008025ba4       0xb0 Build/pages.o
                0x0000000008025ba4                CurveTrackUiList::value_text(int)
 .text._ZN15DrumTrackUiList10value_textEi
                0x0000000008025c54       0x64 Build/pages.o
                0x0000000008025c54                DrumTrackUiList::value_text(int)
 .text._ZN16ChordTrackUiList10value_textEi
                0x0000000008025cb8       0x64 Build/pages.o
                0x0000000008025cb8                ChordTrackUiList::value_text(int)
 .text._ZN15NoteTrackUiList10value_textEi
                0x0000000008025d1c       0x5c Build/pages.o
                0x0000000008025d1c                NoteTrackUiList::value_text(int)
 .text._ZN8SongPage14clear_settingsEv
                0x0000000008025d78       0x78 Build/pages.o
                0x0000000008025d78                SongPage::clear_settings()
 .text._ZN8Settings18select_track_indexEi
                0x0000000008025df0       0x70 Build/pages.o
                0x0000000008025df0                Settings::select_track_index(int)
 .text._ZN15BaseTrackUiList4editEiib
                0x0000000008025e60       0xec Build/pages.o
                0x0000000008025e60                BaseTrackUiList::edit(int, int, bool)
 .text._ZN16CurveTrackUiList4editEiib
                0x0000000008025f4c       0xfc Build/pages.o
                0x0000000008025f4c                CurveTrackUiList::edit(int, int, bool)
 .text._ZN15DrumTrackUiList4editEiib
                0x0000000008026048      0x230 Build/pages.o
                0x0000000008026048                DrumTrackUiList::edit(int, int, bool)
 .text._ZN16ChordTrackUiList4editEiib
                0x0000000008026278       0x68 Build/pages.o
                0x0000000008026278                ChordTrackUiList::edit(int, int, bool)
 .text._ZN15NoteTrackUiList4editEiib
                0x00000000080262e0       0x54 Build/pages.o
                0x00000000080262e0                NoteTrackUiList::edit(int, int, bool)
 .text._ZN13WindowPainter11draw_footerEPKPKci
                0x0000000008026334      0x668 Build/pages.o
                0x0000000008026334                WindowPainter::draw_footer(char const* const*, int)
 .text._ZN13DiskRetryPage11drawDisplayEv
                0x000000000802699c      0x170 Build/pages.o
                0x000000000802699c                DiskRetryPage::drawDisplay()
 .text._ZN14MidiFilterPage11drawDisplayEv
                0x0000000008026b0c      0x830 Build/pages.o
                0x0000000008026b0c                MidiFilterPage::drawDisplay()
 .text._ZN12DiskUtilPage11drawDisplayEv
                0x000000000802733c      0x750 Build/pages.o
                0x000000000802733c                DiskUtilPage::drawDisplay()
 .text._ZN13CheckListPage11drawDisplayEv
                0x0000000008027a8c      0x7e0 Build/pages.o
                0x0000000008027a8c                CheckListPage::drawDisplay()
 .text._ZN16ConfirmationPage11drawDisplayEv
                0x000000000802826c      0xd54 Build/pages.o
                0x000000000802826c                ConfirmationPage::drawDisplay()
 .text._ZN13TextInputPage11drawDisplayEv
                0x0000000008028fc0      0x9f0 Build/pages.o
                0x0000000008028fc0                TextInputPage::drawDisplay()
 .text._ZN14MessagePainter4showEPKct
                0x00000000080299b0       0xb8 Build/pages.o
                0x00000000080299b0                MessagePainter::show(char const*, unsigned short)
 .text._ZZN15CalibrationPage8onButtonEhhENUlhE_4_FUNEh
                0x0000000008029a68       0x30 Build/pages.o
 .text._ZZN15CalibrationPage8onButtonEhhENUlhE0_4_FUNEh
                0x0000000008029a98       0x30 Build/pages.o
 .text._ZN9TrackPage12create_trackEhb
                0x0000000008029ac8      0x4b4 Build/pages.o